Archive member included to satisfy reference by file (symbol)

app/libapp.a(main.c.obj)      (--whole-archive)
zephyr/libzephyr.a(cbprintf.c.obj)
                              (--whole-archive)
zephyr/libzephyr.a(cbprintf_packaged.c.obj)
                              (--whole-archive)
zephyr/libzephyr.a(crc32c_sw.c.obj)
                              (--whole-archive)
zephyr/libzephyr.a(crc32_sw.c.obj)
                              (--whole-archive)
zephyr/libzephyr.a(crc16_sw.c.obj)
                              (--whole-archive)
zephyr/libzephyr.a(crc8_sw.c.obj)
                              (--whole-archive)
zephyr/libzephyr.a(crc7_sw.c.obj)
                              (--whole-archive)
zephyr/libzephyr.a(dec.c.obj)
                              (--whole-archive)
zephyr/libzephyr.a(fdtable.c.obj)
                              (--whole-archive)
zephyr/libzephyr.a(hex.c.obj)
                              (--whole-archive)
zephyr/libzephyr.a(notify.c.obj)
                              (--whole-archive)
zephyr/libzephyr.a(printk.c.obj)
                              (--whole-archive)
zephyr/libzephyr.a(onoff.c.obj)
                              (--whole-archive)
zephyr/libzephyr.a(rb.c.obj)  (--whole-archive)
zephyr/libzephyr.a(sem.c.obj)
                              (--whole-archive)
zephyr/libzephyr.a(thread_entry.c.obj)
                              (--whole-archive)
zephyr/libzephyr.a(timeutil.c.obj)
                              (--whole-archive)
zephyr/libzephyr.a(heap.c.obj)
                              (--whole-archive)
zephyr/libzephyr.a(heap-validate.c.obj)
                              (--whole-archive)
zephyr/libzephyr.a(bitarray.c.obj)
                              (--whole-archive)
zephyr/libzephyr.a(multi_heap.c.obj)
                              (--whole-archive)
zephyr/libzephyr.a(cbprintf_complete.c.obj)
                              (--whole-archive)
zephyr/libzephyr.a(assert.c.obj)
                              (--whole-archive)
zephyr/libzephyr.a(reboot.c.obj)
                              (--whole-archive)
zephyr/libzephyr.a(configs.c.obj)
                              (--whole-archive)
zephyr/libzephyr.a(soc_nrf_common.S.obj)
                              (--whole-archive)
zephyr/libzephyr.a(validate_base_addresses.c.obj)
                              (--whole-archive)
zephyr/libzephyr.a(validate_enabled_instances.c.obj)
                              (--whole-archive)
zephyr/libzephyr.a(pm.c.obj)  (--whole-archive)
zephyr/libzephyr.a(policy.c.obj)
                              (--whole-archive)
zephyr/libzephyr.a(state.c.obj)
                              (--whole-archive)
zephyr/libzephyr.a(tracing_none.c.obj)
                              (--whole-archive)
zephyr/libzephyr.a(nrf_cc3xx_platform_abort_zephyr.c.obj)
                              (--whole-archive)
zephyr/libzephyr.a(nrf_cc3xx_platform_mutex_zephyr.c.obj)
                              (--whole-archive)
zephyr/arch/common/libarch__common.a(sw_isr_common.c.obj)
                              (--whole-archive)
zephyr/arch/arch/arm/core/aarch32/libarch__arm__core__aarch32.a(cpu_idle.S.obj)
                              (--whole-archive)
zephyr/arch/arch/arm/core/aarch32/libarch__arm__core__aarch32.a(fatal.c.obj)
                              (--whole-archive)
zephyr/arch/arch/arm/core/aarch32/libarch__arm__core__aarch32.a(irq_manage.c.obj)
                              (--whole-archive)
zephyr/arch/arch/arm/core/aarch32/libarch__arm__core__aarch32.a(nmi.c.obj)
                              (--whole-archive)
zephyr/arch/arch/arm/core/aarch32/libarch__arm__core__aarch32.a(nmi_on_reset.S.obj)
                              (--whole-archive)
zephyr/arch/arch/arm/core/aarch32/libarch__arm__core__aarch32.a(prep_c.c.obj)
                              (--whole-archive)
zephyr/arch/arch/arm/core/aarch32/libarch__arm__core__aarch32.a(swap.c.obj)
                              (--whole-archive)
zephyr/arch/arch/arm/core/aarch32/libarch__arm__core__aarch32.a(swap_helper.S.obj)
                              (--whole-archive)
zephyr/arch/arch/arm/core/aarch32/libarch__arm__core__aarch32.a(thread.c.obj)
                              (--whole-archive)
zephyr/arch/arch/arm/core/aarch32/libarch__arm__core__aarch32.a(isr_wrapper.S.obj)
                              (--whole-archive)
zephyr/arch/arch/arm/core/aarch32/cortex_m/libarch__arm__core__aarch32__cortex_m.a(exc_exit.S.obj)
                              (--whole-archive)
zephyr/arch/arch/arm/core/aarch32/cortex_m/libarch__arm__core__aarch32__cortex_m.a(fault.c.obj)
                              (--whole-archive)
zephyr/arch/arch/arm/core/aarch32/cortex_m/libarch__arm__core__aarch32__cortex_m.a(fault_s.S.obj)
                              (--whole-archive)
zephyr/arch/arch/arm/core/aarch32/cortex_m/libarch__arm__core__aarch32__cortex_m.a(fpu.c.obj)
                              (--whole-archive)
[...]
Memory Configuration

Name             Origin             Length             Attributes
FLASH            0x0000000000000000 0x0000000000100000 xr
SRAM             0x0000000020000000 0x0000000000040000 xw
IDT_LIST         0x00000000fffff7ff 0x0000000000000800 xw
*default*        0x0000000000000000 0xffffffffffffffff

Linker script and memory map

LOAD zephyr/CMakeFiles/zephyr_pre1.dir/misc/empty_file.c.obj
LOAD zephyr/CMakeFiles/zephyr_pre1.dir/dev_handles.c.obj
LOAD zephyr/CMakeFiles/offsets.dir/./arch/arm/core/offsets/offsets.c.obj
                0x0000000000000020                _region_min_align = 0x20

.rel.plt        0x0000000000000000        0x0
 *(SORT_BY_ALIGNMENT(.rel.plt))
                [!provide]                        PROVIDE (__rel_iplt_start = .)
 *(SORT_BY_ALIGNMENT(.rel.iplt))
 .rel.iplt      0x0000000000000000        0x0 app/libapp.a(main.c.obj)
                [!provide]                        PROVIDE (__rel_iplt_end = .)

.rela.plt       0x0000000000000000        0x0
 *(SORT_BY_ALIGNMENT(.rela.plt))
                [!provide]                        PROVIDE (__rela_iplt_start = .)
 *(SORT_BY_ALIGNMENT(.rela.iplt))
                [!provide]                        PROVIDE (__rela_iplt_end = .)

.rel.dyn
 *(SORT_BY_ALIGNMENT(.rel.*))

.rela.dyn
 *(SORT_BY_ALIGNMENT(.rela.*))

/DISCARD/
 *(SORT_BY_ALIGNMENT(.plt))
 *(SORT_BY_ALIGNMENT(.iplt))
 *(SORT_BY_ALIGNMENT(.got.plt))
 *(SORT_BY_ALIGNMENT(.igot.plt))
 *(SORT_BY_ALIGNMENT(.got))
 *(SORT_BY_ALIGNMENT(.igot))
 *(SORT_BY_ALIGNMENT(.note.GNU-stack))
                0x0000000000000000                __rom_region_start = 0x0

rom_start       0x0000000000000000      0x100
                0x0000000000000000                . = 0x0
                0x0000000000000000                . = ALIGN (0x4)
                0x0000000000000000                . = ALIGN (0x80)
                0x0000000000000000                . = ALIGN (0x100)
                0x0000000000000000                _vector_start = .
 *(SORT_BY_ALIGNMENT(.exc_vector_table))
 *(SORT_BY_ALIGNMENT(.exc_vector_table.*))
 .exc_vector_table._vector_table_section
                0x0000000000000000       0x40 zephyr/arch/arch/arm/core/aarch32/cortex_m/libarch__arm__core__aarch32__cortex_m.a(vector_table.S.obj)
                0x0000000000000000                _vector_table
 *(SORT_BY_ALIGNMENT(.gnu.linkonce.irq_vector_table*))
 .gnu.linkonce.irq_vector_table
                0x0000000000000040       0xc0 zephyr/arch/common/libisr_tables.a(isr_tables.c.obj)
                0x0000000000000040                _irq_vector_table
 *(SORT_BY_ALIGNMENT(.vectors))
                0x0000000000000100                _vector_end = .

text            0x0000000000000100     0x620c
                0x0000000000000100                __text_region_start = .
 *(SORT_BY_ALIGNMENT(.text))
 .text          0x0000000000000100       0x30 /home/rt/zephyr-sdk-0.14.1/arm-zephyr-eabi/bin/../lib/gcc/arm-zephyr-eabi/10.3.0/thumb/v7e-m/nofp/libgcc.a(_aeabi_uldivmod.o)
                0x0000000000000100                __aeabi_uldivmod
 .text          0x0000000000000130        0x4 /home/rt/zephyr-sdk-0.14.1/arm-zephyr-eabi/bin/../lib/gcc/arm-zephyr-eabi/10.3.0/thumb/v7e-m/nofp/libgcc.a(_dvmd_tls.o)
                0x0000000000000130                __aeabi_ldiv0
                0x0000000000000130                __aeabi_idiv0
 .text          0x0000000000000134      0x2a6 /home/rt/zephyr-sdk-0.14.1/arm-zephyr-eabi/bin/../lib/gcc/arm-zephyr-eabi/10.3.0/thumb/v7e-m/nofp/libgcc.a(_udivmoddi4.o)
                0x0000000000000134                __udivmoddi4
 *(SORT_BY_ALIGNMENT(.text.*))
 *fill*         0x00000000000003da        0x2 
 .text.thread_print_code
                0x00000000000003dc       0x68 app/libapp.a(main.c.obj)
                0x00000000000003dc                thread_print_code
 .text.thread_tempread_code
                0x0000000000000444       0xcc app/libapp.a(main.c.obj)
                0x0000000000000444                thread_tempread_code
 .text.main     0x0000000000000510       0xe0 app/libapp.a(main.c.obj)
                0x0000000000000510                main
 .text.char_out
                0x00000000000005f0       0x10 zephyr/libzephyr.a(printk.c.obj)
 .text.__printk_hook_install
                0x0000000000000600        0xc zephyr/libzephyr.a(printk.c.obj)
                0x0000000000000600                __printk_hook_install
 .text.vprintk  0x000000000000060c       0x1c zephyr/libzephyr.a(printk.c.obj)
                0x000000000000060c                vprintk
 .text.process_event
                0x0000000000000628      0x1c0 zephyr/libzephyr.a(onoff.c.obj)
 .text.cbvprintf
                0x00000000000007e8      0xd08 zephyr/libzephyr.a(cbprintf_complete.c.obj)
                0x00000000000007e8                cbvprintf
 .text.sys_reboot
                0x00000000000014f0       0x28 zephyr/libzephyr.a(reboot.c.obj)
                0x00000000000014f0                sys_reboot
 .text.pm_state_notify
                0x0000000000001518       0x5c zephyr/libzephyr.a(pm.c.obj)
 .text.atomic_clear_bit.constprop.0
                0x0000000000001574       0x30 zephyr/libzephyr.a(pm.c.obj)
 .text.pm_system_resume
                0x00000000000015a4       0x7c zephyr/libzephyr.a(pm.c.obj)
                0x00000000000015a4                pm_system_resume
 .text.pm_system_suspend
                0x0000000000001620       0xec zephyr/libzephyr.a(pm.c.obj)
                0x0000000000001620                pm_system_suspend
 .text.pm_policy_state_lock_is_active
                0x000000000000170c       0x1c zephyr/libzephyr.a(policy.c.obj)
                0x000000000000170c                pm_policy_state_lock_is_active
 .text.pm_policy_next_state
                0x0000000000001728       0x9c zephyr/libzephyr.a(policy.c.obj)
                0x0000000000001728                pm_policy_next_state
 .text.pm_state_cpu_get_all
                0x00000000000017c4       0x10 zephyr/libzephyr.a(state.c.obj)
                0x00000000000017c4                pm_state_cpu_get_all
 .text.nrf_cc3xx_platform_abort_init
                0x00000000000017d4        0xc zephyr/libzephyr.a(nrf_cc3xx_platform_abort_zephyr.c.obj)
                0x00000000000017d4                nrf_cc3xx_platform_abort_init
 .text.mutex_free_platform
                0x00000000000017e0       0x48 zephyr/libzephyr.a(nrf_cc3xx_platform_mutex_zephyr.c.obj)
 .text.mutex_lock_platform
                0x0000000000001828       0x58 zephyr/libzephyr.a(nrf_cc3xx_platform_mutex_zephyr.c.obj)
 .text.mutex_unlock_platform
                0x0000000000001880       0x4c zephyr/libzephyr.a(nrf_cc3xx_platform_mutex_zephyr.c.obj)
 .text.mutex_init_platform
                0x00000000000018cc       0x70 zephyr/libzephyr.a(nrf_cc3xx_platform_mutex_zephyr.c.obj)
 .text.nrf_cc3xx_platform_mutex_init
                0x000000000000193c       0x2c zephyr/libzephyr.a(nrf_cc3xx_platform_mutex_zephyr.c.obj)
                0x000000000000193c                nrf_cc3xx_platform_mutex_init
 .text.z_arm_cpu_idle_init
                0x0000000000001968        0xc zephyr/arch/arch/arm/core/aarch32/libarch__arm__core__aarch32.a(cpu_idle.S.obj)
                0x0000000000001968                z_arm_cpu_idle_init
 .text.arch_cpu_idle
                0x0000000000001974       0x1c zephyr/arch/arch/arm/core/aarch32/libarch__arm__core__aarch32.a(cpu_idle.S.obj)
                0x0000000000001974                arch_cpu_idle
 .text.arch_cpu_atomic_idle
                0x0000000000001990       0x14 zephyr/arch/arch/arm/core/aarch32/libarch__arm__core__aarch32.a(cpu_idle.S.obj)
                0x0000000000001990                arch_cpu_atomic_idle
 .text.arch_irq_enable
                0x00000000000019a4       0x20 zephyr/arch/arch/arm/core/aarch32/libarch__arm__core__aarch32.a(irq_manage.c.obj)
                0x00000000000019a4                arch_irq_enable
 .text.arch_irq_is_enabled
                0x00000000000019c4       0x1c zephyr/arch/arch/arm/core/aarch32/libarch__arm__core__aarch32.a(irq_manage.c.obj)
                0x00000000000019c4                arch_irq_is_enabled
 .text.z_arm_irq_priority_set
                0x00000000000019e0       0x30 zephyr/arch/arch/arm/core/aarch32/libarch__arm__core__aarch32.a(irq_manage.c.obj)
                0x00000000000019e0                z_arm_irq_priority_set
 .text.z_SysNmiOnReset
                0x0000000000001a10        0x8 zephyr/arch/arch/arm/core/aarch32/libarch__arm__core__aarch32.a(nmi_on_reset.S.obj)
                0x0000000000001a10                z_SysNmiOnReset
 .text.z_arm_prep_c
                0x0000000000001a18       0x38 zephyr/arch/arch/arm/core/aarch32/libarch__arm__core__aarch32.a(prep_c.c.obj)
                0x0000000000001a18                z_arm_prep_c
 .text.arch_swap
                0x0000000000001a50       0x34 zephyr/arch/arch/arm/core/aarch32/libarch__arm__core__aarch32.a(swap.c.obj)
                0x0000000000001a50                arch_swap
 .text.z_arm_pendsv
                0x0000000000001a84       0x54 zephyr/arch/arch/arm/core/aarch32/libarch__arm__core__aarch32.a(swap_helper.S.obj)
                0x0000000000001a84                z_arm_pendsv
 .text.z_arm_svc
                0x0000000000001ad8       0x20 zephyr/arch/arch/arm/core/aarch32/libarch__arm__core__aarch32.a(swap_helper.S.obj)
                0x0000000000001ad8                z_arm_svc
 .text.arch_new_thread
                0x0000000000001af8       0x38 zephyr/arch/arch/arm/core/aarch32/libarch__arm__core__aarch32.a(thread.c.obj)
                0x0000000000001af8                arch_new_thread
 .text.z_check_thread_stack_fail
                0x0000000000001b30       0x2c zephyr/arch/arch/arm/core/aarch32/libarch__arm__core__aarch32.a(thread.c.obj)
                0x0000000000001b30                z_check_thread_stack_fail
 .text.arch_switch_to_main_thread
                0x0000000000001b5c       0x2c zephyr/arch/arch/arm/core/aarch32/libarch__arm__core__aarch32.a(thread.c.obj)
                0x0000000000001b5c                arch_switch_to_main_thread
 .text._isr_wrapper
                0x0000000000001b88       0x40 zephyr/arch/arch/arm/core/aarch32/libarch__arm__core__aarch32.a(isr_wrapper.S.obj)
                0x0000000000001b88                _isr_wrapper
 .text._HandlerModeExit
                0x0000000000001bc8       0x1c zephyr/arch/arch/arm/core/aarch32/cortex_m/libarch__arm__core__aarch32__cortex_m.a(exc_exit.S.obj)
                0x0000000000001bc8                z_arm_exc_exit
                0x0000000000001bc8                z_arm_int_exit
 .text.mem_manage_fault
                0x0000000000001be4       0x78 zephyr/arch/arch/arm/core/aarch32/cortex_m/libarch__arm__core__aarch32__cortex_m.a(fault.c.obj)
 .text.bus_fault.constprop.0
                0x0000000000001c5c       0x3c zephyr/arch/arch/arm/core/aarch32/cortex_m/libarch__arm__core__aarch32__cortex_m.a(fault.c.obj)
 .text.z_arm_fault
                0x0000000000001c98      0x128 zephyr/arch/arch/arm/core/aarch32/cortex_m/libarch__arm__core__aarch32__cortex_m.a(fault.c.obj)
                0x0000000000001c98                z_arm_fault
 .text.z_arm_fault_init
                0x0000000000001dc0       0x10 zephyr/arch/arch/arm/core/aarch32/cortex_m/libarch__arm__core__aarch32__cortex_m.a(fault.c.obj)
                0x0000000000001dc0                z_arm_fault_init
 .text.__fault  0x0000000000001dd0       0x14 zephyr/arch/arch/arm/core/aarch32/cortex_m/libarch__arm__core__aarch32__cortex_m.a(fault_s.S.obj)
                0x0000000000001dd0                z_arm_bus_fault
                0x0000000000001dd0                z_arm_usage_fault
                0x0000000000001dd0                z_arm_mpu_fault
                0x0000000000001dd0                z_arm_exc_spurious
                0x0000000000001dd0                z_arm_debug_monitor
                0x0000000000001dd0                z_arm_hard_fault
 .text.z_arm_interrupt_init
                0x0000000000001de4       0x18 zephyr/arch/arch/arm/core/aarch32/cortex_m/libarch__arm__core__aarch32__cortex_m.a(irq_init.c.obj)
                0x0000000000001de4                z_arm_interrupt_init
 .text._reset_section
                0x0000000000001dfc       0x54 zephyr/arch/arch/arm/core/aarch32/cortex_m/libarch__arm__core__aarch32__cortex_m.a(reset.S.obj)
                0x0000000000001dfc                z_arm_reset
                0x0000000000001dfc                __start
 .text.z_arm_clear_arm_mpu_config
                0x0000000000001e50       0x24 zephyr/arch/arch/arm/core/aarch32/cortex_m/libarch__arm__core__aarch32__cortex_m.a(scb.c.obj)
                0x0000000000001e50                z_arm_clear_arm_mpu_config
 .text.z_arm_init_arch_hw_at_boot
                0x0000000000001e74       0x64 zephyr/arch/arch/arm/core/aarch32/cortex_m/libarch__arm__core__aarch32__cortex_m.a(scb.c.obj)
                0x0000000000001e74                z_arm_init_arch_hw_at_boot
 .text.z_impl_k_thread_abort
                0x0000000000001ed8       0x2c zephyr/arch/arch/arm/core/aarch32/cortex_m/libarch__arm__core__aarch32__cortex_m.a(thread_abort.c.obj)
                0x0000000000001ed8                z_impl_k_thread_abort
 .text.arch_timing_init
                0x0000000000001f04       0x28 zephyr/arch/arch/arm/core/aarch32/cortex_m/libarch__arm__core__aarch32__cortex_m.a(timing.c.obj)
                0x0000000000001f04                arch_timing_init
 .text.arch_timing_start
                0x0000000000001f2c       0x14 zephyr/arch/arch/arm/core/aarch32/cortex_m/libarch__arm__core__aarch32__cortex_m.a(timing.c.obj)
                0x0000000000001f2c                arch_timing_start
 .text.z_arm_configure_static_mpu_regions
                0x0000000000001f40       0x18 zephyr/arch/arch/arm/core/aarch32/mpu/libarch__arm__core__aarch32__mpu.a(arm_core_mpu.c.obj)
                0x0000000000001f40                z_arm_configure_static_mpu_regions
 .text.z_arm_configure_dynamic_mpu_regions
                0x0000000000001f58       0x20 zephyr/arch/arch/arm/core/aarch32/mpu/libarch__arm__core__aarch32__mpu.a(arm_core_mpu.c.obj)
                0x0000000000001f58                z_arm_configure_dynamic_mpu_regions
 .text.mpu_configure_regions
                0x0000000000001f78       0x84 zephyr/arch/arch/arm/core/aarch32/mpu/libarch__arm__core__aarch32__mpu.a(arm_mpu.c.obj)
 .text.arm_core_mpu_enable
                0x0000000000001ffc       0x18 zephyr/arch/arch/arm/core/aarch32/mpu/libarch__arm__core__aarch32__mpu.a(arm_mpu.c.obj)
                0x0000000000001ffc                arm_core_mpu_enable
 .text.arm_core_mpu_disable
                0x0000000000002014       0x14 zephyr/arch/arch/arm/core/aarch32/mpu/libarch__arm__core__aarch32__mpu.a(arm_mpu.c.obj)
                0x0000000000002014                arm_core_mpu_disable
 .text.arm_core_mpu_configure_static_mpu_regions
                0x0000000000002028       0x14 zephyr/arch/arch/arm/core/aarch32/mpu/libarch__arm__core__aarch32__mpu.a(arm_mpu.c.obj)
                0x0000000000002028                arm_core_mpu_configure_static_mpu_regions
 .text.arm_core_mpu_configure_dynamic_mpu_regions
                0x000000000000203c       0x30 zephyr/arch/arch/arm/core/aarch32/mpu/libarch__arm__core__aarch32__mpu.a(arm_mpu.c.obj)
                0x000000000000203c                arm_core_mpu_configure_dynamic_mpu_regions
 .text.z_arm_mpu_init
                0x000000000000206c       0x60 zephyr/arch/arch/arm/core/aarch32/mpu/libarch__arm__core__aarch32__mpu.a(arm_mpu.c.obj)
                0x000000000000206c                z_arm_mpu_init
 .text.__stdout_hook_install
                0x00000000000020cc        0xc zephyr/lib/libc/minimal/liblib__libc__minimal.a(stdout_console.c.obj)
                0x00000000000020cc                __stdout_hook_install
 .text.nordicsemi_nrf52_init
                0x00000000000020d8       0x60 zephyr/soc/arm/nordic_nrf/nrf52/libsoc__arm__nordic_nrf__nrf52.a(soc.c.obj)
 .text.sys_arch_reboot
                0x0000000000002138       0x2c zephyr/soc/arm/nordic_nrf/nrf52/libsoc__arm__nordic_nrf__nrf52.a(soc.c.obj)
                0x0000000000002138                sys_arch_reboot
 .text.arch_busy_wait
                0x0000000000002164       0x14 zephyr/soc/arm/nordic_nrf/nrf52/libsoc__arm__nordic_nrf__nrf52.a(soc.c.obj)
                0x0000000000002164                arch_busy_wait
 .text.timing_init
                0x0000000000002178       0x18 zephyr/subsys/timing/libsubsys__timing.a(timing.c.obj)
                0x0000000000002178                timing_init
 .text.timing_start
                0x0000000000002190       0x24 zephyr/subsys/timing/libsubsys__timing.a(timing.c.obj)
                0x0000000000002190                timing_start
 .text.onoff_stop
                0x00000000000021b4       0x30 zephyr/drivers/clock_control/libdrivers__clock_control.a(clock_control_nrf.c.obj)
 .text.onoff_start
                0x00000000000021e4       0x44 zephyr/drivers/clock_control/libdrivers__clock_control.a(clock_control_nrf.c.obj)
 .text.clk_init
                0x0000000000002228       0x58 zephyr/drivers/clock_control/libdrivers__clock_control.a(clock_control_nrf.c.obj)
 .text.clkstarted_handle.constprop.0
                0x0000000000002280       0x34 zephyr/drivers/clock_control/libdrivers__clock_control.a(clock_control_nrf.c.obj)
 .text.clock_event_handler
                0x00000000000022b4       0x1c zephyr/drivers/clock_control/libdrivers__clock_control.a(clock_control_nrf.c.obj)
 .text.generic_hfclk_start
                0x00000000000022d0       0x64 zephyr/drivers/clock_control/libdrivers__clock_control.a(clock_control_nrf.c.obj)
 .text.api_blocking_start
                0x0000000000002334       0x34 zephyr/drivers/clock_control/libdrivers__clock_control.a(clock_control_nrf.c.obj)
 .text.generic_hfclk_stop
                0x0000000000002368       0x2c zephyr/drivers/clock_control/libdrivers__clock_control.a(clock_control_nrf.c.obj)
 .text.z_nrf_clock_control_lf_on
                0x0000000000002394      0x100 zephyr/drivers/clock_control/libdrivers__clock_control.a(clock_control_nrf.c.obj)
                0x0000000000002394                z_nrf_clock_control_lf_on
 .text.uart_console_init
                0x0000000000002494       0x30 zephyr/drivers/console/libdrivers__console.a(uart_console.c.obj)
 .text.console_out
                0x00000000000024c4       0x28 zephyr/drivers/console/libdrivers__console.a(uart_console.c.obj)
 .text.gpio_nrfx_pin_interrupt_configure
                0x00000000000024ec       0xd4 zephyr/drivers/gpio/libdrivers__gpio.a(gpio_nrfx.c.obj)
 .text.gpio_nrfx_init
                0x00000000000025c0       0x38 zephyr/drivers/gpio/libdrivers__gpio.a(gpio_nrfx.c.obj)
 .text.nrfx_gpio_handler
                0x00000000000025f8       0x44 zephyr/drivers/gpio/libdrivers__gpio.a(gpio_nrfx.c.obj)
 .text.gpio_nrfx_pin_configure
                0x000000000000263c      0x158 zephyr/drivers/gpio/libdrivers__gpio.a(gpio_nrfx.c.obj)
 .text.i2c_nrfx_twi_recover_bus
                0x0000000000002794       0x20 zephyr/drivers/i2c/libdrivers__i2c.a(i2c_nrfx_twi.c.obj)
 .text.twi_0_init
                0x00000000000027b4       0x58 zephyr/drivers/i2c/libdrivers__i2c.a(i2c_nrfx_twi.c.obj)
 .text.event_handler
                0x000000000000280c       0x34 zephyr/drivers/i2c/libdrivers__i2c.a(i2c_nrfx_twi.c.obj)
 .text.i2c_nrfx_twi_transfer
                0x0000000000002840       0xf8 zephyr/drivers/i2c/libdrivers__i2c.a(i2c_nrfx_twi.c.obj)
 .text.uarte_nrfx_configure
                0x0000000000002938      0x164 zephyr/drivers/serial/libdrivers__serial.a(uart_nrfx_uarte.c.obj)
 .text.uarte_instance_init.constprop.0
                0x0000000000002a9c       0xec zephyr/drivers/serial/libdrivers__serial.a(uart_nrfx_uarte.c.obj)
 .text.uarte_nrfx_poll_out
                0x0000000000002b88       0xc4 zephyr/drivers/serial/libdrivers__serial.a(uart_nrfx_uarte.c.obj)
 .text.compare_int_lock
                0x0000000000002c4c       0x50 zephyr/drivers/timer/libdrivers__timer.a(nrf_rtc_timer.c.obj)
 .text.sys_clock_timeout_handler
                0x0000000000002c9c       0x78 zephyr/drivers/timer/libdrivers__timer.a(nrf_rtc_timer.c.obj)
 .text.compare_int_unlock
                0x0000000000002d14       0x5c zephyr/drivers/timer/libdrivers__timer.a(nrf_rtc_timer.c.obj)
 .text.z_nrf_rtc_timer_read
                0x0000000000002d70       0x44 zephyr/drivers/timer/libdrivers__timer.a(nrf_rtc_timer.c.obj)
                0x0000000000002d70                z_nrf_rtc_timer_read
 .text.compare_set
                0x0000000000002db4      0x148 zephyr/drivers/timer/libdrivers__timer.a(nrf_rtc_timer.c.obj)
 .text.sys_clock_driver_init
                0x0000000000002efc       0x80 zephyr/drivers/timer/libdrivers__timer.a(nrf_rtc_timer.c.obj)
 .text.rtc_nrf_isr
                0x0000000000002f7c       0xec zephyr/drivers/timer/libdrivers__timer.a(nrf_rtc_timer.c.obj)
                0x0000000000002f7c                rtc_nrf_isr
 .text.sys_clock_set_timeout
                0x0000000000003068       0x64 zephyr/drivers/timer/libdrivers__timer.a(nrf_rtc_timer.c.obj)
                0x0000000000003068                sys_clock_set_timeout
 .text.sys_clock_elapsed
                0x00000000000030cc       0x14 zephyr/drivers/timer/libdrivers__timer.a(nrf_rtc_timer.c.obj)
                0x00000000000030cc                sys_clock_elapsed
 .text.nrf_gpio_pin_clear
                0x00000000000030e0       0x20 zephyr/drivers/pinctrl/libdrivers__pinctrl.a(pinctrl_nrf.c.obj)
 .text.nrf_pin_configure
                0x0000000000003100       0x44 zephyr/drivers/pinctrl/libdrivers__pinctrl.a(pinctrl_nrf.c.obj)
 .text.nrf_gpio_pin_set
                0x0000000000003144       0x20 zephyr/drivers/pinctrl/libdrivers__pinctrl.a(pinctrl_nrf.c.obj)
 .text.nrf52_errata_98
                0x0000000000003164       0x24 modules/hal_nordic/nrfx/libmodules__hal_nordic__nrfx.a(system_nrf52840.c.obj)
 .text.nvmc_wait
                0x0000000000003188       0x10 modules/hal_nordic/nrfx/libmodules__hal_nordic__nrfx.a(system_nrf52840.c.obj)
                0x0000000000003188                nvmc_wait
 .text.SystemInit
                0x0000000000003198      0x1d4 modules/hal_nordic/nrfx/libmodules__hal_nordic__nrfx.a(system_nrf52840.c.obj)
                0x0000000000003198                SystemInit
 .text.nrfx_flag32_alloc
                0x000000000000336c       0x4c modules/hal_nordic/nrfx/libmodules__hal_nordic__nrfx.a(nrfx_flag32_allocator.c.obj)
                0x000000000000336c                nrfx_flag32_alloc
 .text.nrfx_flag32_free
                0x00000000000033b8       0x44 modules/hal_nordic/nrfx/libmodules__hal_nordic__nrfx.a(nrfx_flag32_allocator.c.obj)
                0x00000000000033b8                nrfx_flag32_free
 .text.clock_stop
                0x00000000000033fc       0xa8 modules/hal_nordic/nrfx/libmodules__hal_nordic__nrfx.a(nrfx_clock.c.obj)
 .text.nrfx_clock_init
                0x00000000000034a4       0x20 modules/hal_nordic/nrfx/libmodules__hal_nordic__nrfx.a(nrfx_clock.c.obj)
                0x00000000000034a4                nrfx_clock_init
 .text.nrfx_power_clock_irq_handler
                0x00000000000034c4       0x68 modules/hal_nordic/nrfx/libmodules__hal_nordic__nrfx.a(nrfx_clock.c.obj)
                0x00000000000034c4                nrfx_power_clock_irq_handler
 .text.nrf_gpio_pin_port_decode
                0x000000000000352c       0x1c modules/hal_nordic/nrfx/libmodules__hal_nordic__nrfx.a(nrfx_gpiote.c.obj)
 .text.pin_in_use_by_te
                0x0000000000003548       0x14 modules/hal_nordic/nrfx/libmodules__hal_nordic__nrfx.a(nrfx_gpiote.c.obj)
 .text.call_handler
                0x000000000000355c       0x3c modules/hal_nordic/nrfx/libmodules__hal_nordic__nrfx.a(nrfx_gpiote.c.obj)
 .text.release_handler
                0x0000000000003598       0x54 modules/hal_nordic/nrfx/libmodules__hal_nordic__nrfx.a(nrfx_gpiote.c.obj)
 .text.pin_handler_trigger_uninit
                0x00000000000035ec       0x38 modules/hal_nordic/nrfx/libmodules__hal_nordic__nrfx.a(nrfx_gpiote.c.obj)
 .text.nrfx_gpiote_input_configure
                0x0000000000003624      0x15c modules/hal_nordic/nrfx/libmodules__hal_nordic__nrfx.a(nrfx_gpiote.c.obj)
                0x0000000000003624                nrfx_gpiote_input_configure
 .text.nrfx_gpiote_output_configure
                0x0000000000003780       0xe4 modules/hal_nordic/nrfx/libmodules__hal_nordic__nrfx.a(nrfx_gpiote.c.obj)
                0x0000000000003780                nrfx_gpiote_output_configure
 .text.nrfx_gpiote_global_callback_set
                0x0000000000003864        0xc modules/hal_nordic/nrfx/libmodules__hal_nordic__nrfx.a(nrfx_gpiote.c.obj)
                0x0000000000003864                nrfx_gpiote_global_callback_set
 .text.nrfx_gpiote_channel_get
                0x0000000000003870       0x2c modules/hal_nordic/nrfx/libmodules__hal_nordic__nrfx.a(nrfx_gpiote.c.obj)
                0x0000000000003870                nrfx_gpiote_channel_get
 .text.nrfx_gpiote_init
                0x000000000000389c       0x50 modules/hal_nordic/nrfx/libmodules__hal_nordic__nrfx.a(nrfx_gpiote.c.obj)
                0x000000000000389c                nrfx_gpiote_init
 .text.nrfx_gpiote_is_init
                0x00000000000038ec       0x14 modules/hal_nordic/nrfx/libmodules__hal_nordic__nrfx.a(nrfx_gpiote.c.obj)
                0x00000000000038ec                nrfx_gpiote_is_init
 .text.nrfx_gpiote_channel_free
                0x0000000000003900        0xc modules/hal_nordic/nrfx/libmodules__hal_nordic__nrfx.a(nrfx_gpiote.c.obj)
                0x0000000000003900                nrfx_gpiote_channel_free
 .text.nrfx_gpiote_channel_alloc
                0x000000000000390c        0xc modules/hal_nordic/nrfx/libmodules__hal_nordic__nrfx.a(nrfx_gpiote.c.obj)
                0x000000000000390c                nrfx_gpiote_channel_alloc
 .text.nrfx_gpiote_trigger_enable
                0x0000000000003918       0x90 modules/hal_nordic/nrfx/libmodules__hal_nordic__nrfx.a(nrfx_gpiote.c.obj)
                0x0000000000003918                nrfx_gpiote_trigger_enable
 .text.nrfx_gpiote_trigger_disable
                0x00000000000039a8       0x50 modules/hal_nordic/nrfx/libmodules__hal_nordic__nrfx.a(nrfx_gpiote.c.obj)
                0x00000000000039a8                nrfx_gpiote_trigger_disable
 .text.nrfx_gpiote_pin_uninit
                0x00000000000039f8       0x48 modules/hal_nordic/nrfx/libmodules__hal_nordic__nrfx.a(nrfx_gpiote.c.obj)
                0x00000000000039f8                nrfx_gpiote_pin_uninit
 .text.nrfx_gpiote_irq_handler
                0x0000000000003a40      0x1ac modules/hal_nordic/nrfx/libmodules__hal_nordic__nrfx.a(nrfx_gpiote.c.obj)
                0x0000000000003a40                nrfx_gpiote_irq_handler
 .text.nrfx_ppi_channel_alloc
                0x0000000000003bec        0xc modules/hal_nordic/nrfx/libmodules__hal_nordic__nrfx.a(nrfx_ppi.c.obj)
                0x0000000000003bec                nrfx_ppi_channel_alloc
 .text.twi_tx_start_transfer
                0x0000000000003bf8       0xd8 modules/hal_nordic/nrfx/libmodules__hal_nordic__nrfx.a(nrfx_twi.c.obj)
 .text.twi_rx_start_transfer
                0x0000000000003cd0       0xe8 modules/hal_nordic/nrfx/libmodules__hal_nordic__nrfx.a(nrfx_twi.c.obj)
 .text.nrfx_twi_init
                0x0000000000003db8       0xbc modules/hal_nordic/nrfx/libmodules__hal_nordic__nrfx.a(nrfx_twi.c.obj)
                0x0000000000003db8                nrfx_twi_init
 .text.nrfx_twi_enable
                0x0000000000003e74       0x20 modules/hal_nordic/nrfx/libmodules__hal_nordic__nrfx.a(nrfx_twi.c.obj)
                0x0000000000003e74                nrfx_twi_enable
 .text.nrfx_twi_disable
                0x0000000000003e94       0x3c modules/hal_nordic/nrfx/libmodules__hal_nordic__nrfx.a(nrfx_twi.c.obj)
                0x0000000000003e94                nrfx_twi_disable
 .text.nrfx_twi_xfer
                0x0000000000003ed0       0xdc modules/hal_nordic/nrfx/libmodules__hal_nordic__nrfx.a(nrfx_twi.c.obj)
                0x0000000000003ed0                nrfx_twi_xfer
 .text.nrfx_twi_0_irq_handler
                0x0000000000003fac       0xbc modules/hal_nordic/nrfx/libmodules__hal_nordic__nrfx.a(nrfx_twi.c.obj)
                0x0000000000003fac                nrfx_twi_0_irq_handler
 .text.nrf_gpio_pin_port_decode
                0x0000000000004068       0x1c modules/hal_nordic/nrfx/libmodules__hal_nordic__nrfx.a(nrfx_twi_twim.c.obj)
 .text.nrfx_twi_twim_bus_recover
                0x0000000000004084       0xc8 modules/hal_nordic/nrfx/libmodules__hal_nordic__nrfx.a(nrfx_twi_twim.c.obj)
                0x0000000000004084                nrfx_twi_twim_bus_recover
 .text._DoInit  0x000000000000414c       0x6c modules/segger/libmodules__segger.a(SEGGER_RTT.c.obj)
 .text.z_sys_init_run_level
                0x00000000000041b8       0x40 zephyr/kernel/libkernel.a(device.c.obj)
                0x00000000000041b8                z_sys_init_run_level
 .text.bg_thread_main
                0x00000000000041f8       0x34 zephyr/kernel/libkernel.a(init.c.obj)
 .text.z_bss_zero
                0x000000000000422c       0x18 zephyr/kernel/libkernel.a(init.c.obj)
                0x000000000000422c                z_bss_zero
 .text.z_init_cpu
                0x0000000000004244       0x70 zephyr/kernel/libkernel.a(init.c.obj)
                0x0000000000004244                z_init_cpu
 .text.z_cstart
                0x00000000000042b4       0xd4 zephyr/kernel/libkernel.a(init.c.obj)
                0x00000000000042b4                z_cstart
 .text.init_mem_slab_module
                0x0000000000004388       0x44 zephyr/kernel/libkernel.a(mem_slab.c.obj)
 .text.k_mem_slab_alloc
                0x00000000000043cc       0x5c zephyr/kernel/libkernel.a(mem_slab.c.obj)
                0x00000000000043cc                k_mem_slab_alloc
 .text.z_setup_new_thread
                0x0000000000004428       0x64 zephyr/kernel/libkernel.a(thread.c.obj)
                0x0000000000004428                z_setup_new_thread
 .text.z_impl_k_thread_create
                0x000000000000448c       0x58 zephyr/kernel/libkernel.a(thread.c.obj)
                0x000000000000448c                z_impl_k_thread_create
 .text.z_init_static_threads
                0x00000000000044e4       0xb8 zephyr/kernel/libkernel.a(thread.c.obj)
                0x00000000000044e4                z_init_static_threads
 .text.idle     0x000000000000459c       0x38 zephyr/kernel/libkernel.a(idle.c.obj)
                0x000000000000459c                idle
 .text.z_impl_k_mutex_lock
                0x00000000000045d4       0xf0 zephyr/kernel/libkernel.a(mutex.c.obj)
                0x00000000000045d4                z_impl_k_mutex_lock
 .text.z_impl_k_mutex_unlock
                0x00000000000046c4       0x84 zephyr/kernel/libkernel.a(mutex.c.obj)
                0x00000000000046c4                z_impl_k_mutex_unlock
 .text.z_impl_k_sem_give
                0x0000000000004748       0x40 zephyr/kernel/libkernel.a(sem.c.obj)
                0x0000000000004748                z_impl_k_sem_give
 .text.z_impl_k_sem_take
                0x0000000000004788       0x50 zephyr/kernel/libkernel.a(sem.c.obj)
                0x0000000000004788                z_impl_k_sem_take
 .text.z_reset_time_slice
                0x00000000000047d8       0x28 zephyr/kernel/libkernel.a(sched.c.obj)
                0x00000000000047d8                z_reset_time_slice
 .text.k_sched_time_slice_set
                0x0000000000004800       0x64 zephyr/kernel/libkernel.a(sched.c.obj)
                0x0000000000004800                k_sched_time_slice_set
 .text.z_reschedule
                0x0000000000004864       0x24 zephyr/kernel/libkernel.a(sched.c.obj)
                0x0000000000004864                z_reschedule
 .text.k_sched_lock
                0x0000000000004888       0x28 zephyr/kernel/libkernel.a(sched.c.obj)
                0x0000000000004888                k_sched_lock
 .text.update_cache
                0x00000000000048b0       0x40 zephyr/kernel/libkernel.a(sched.c.obj)
 .text.move_thread_to_end_of_prio_q
                0x00000000000048f0       0x74 zephyr/kernel/libkernel.a(sched.c.obj)
 .text.z_time_slice
                0x0000000000004964       0x84 zephyr/kernel/libkernel.a(sched.c.obj)
                0x0000000000004964                z_time_slice
 .text.ready_thread
                0x00000000000049e8       0x6c zephyr/kernel/libkernel.a(sched.c.obj)
 .text.z_sched_start
                0x0000000000004a54       0x3c zephyr/kernel/libkernel.a(sched.c.obj)
                0x0000000000004a54                z_sched_start
 .text.unready_thread
                0x0000000000004a90       0x30 zephyr/kernel/libkernel.a(sched.c.obj)
 .text.pend     0x0000000000004ac0       0x4c zephyr/kernel/libkernel.a(sched.c.obj)
 .text.z_pend_curr
                0x0000000000004b0c       0x28 zephyr/kernel/libkernel.a(sched.c.obj)
                0x0000000000004b0c                z_pend_curr
 .text.z_set_prio
                0x0000000000004b34       0x90 zephyr/kernel/libkernel.a(sched.c.obj)
                0x0000000000004b34                z_set_prio
 .text.z_impl_k_thread_suspend
                0x0000000000004bc4       0x64 zephyr/kernel/libkernel.a(sched.c.obj)
                0x0000000000004bc4                z_impl_k_thread_suspend
 .text.k_sched_unlock
                0x0000000000004c28       0x38 zephyr/kernel/libkernel.a(sched.c.obj)
                0x0000000000004c28                k_sched_unlock
 .text.z_sched_init
                0x0000000000004c60       0x18 zephyr/kernel/libkernel.a(sched.c.obj)
                0x0000000000004c60                z_sched_init
 .text.z_impl_k_yield
                0x0000000000004c78       0x80 zephyr/kernel/libkernel.a(sched.c.obj)
                0x0000000000004c78                z_impl_k_yield
 .text.z_tick_sleep
                0x0000000000004cf8       0x90 zephyr/kernel/libkernel.a(sched.c.obj)
 .text.z_impl_k_sleep
                0x0000000000004d88       0x34 zephyr/kernel/libkernel.a(sched.c.obj)
                0x0000000000004d88                z_impl_k_sleep
 .text.z_impl_z_current_get
                0x0000000000004dbc        0xc zephyr/kernel/libkernel.a(sched.c.obj)
                0x0000000000004dbc                z_impl_z_current_get
 .text.z_thread_abort
                0x0000000000004dc8       0xa4 zephyr/kernel/libkernel.a(sched.c.obj)
                0x0000000000004dc8                z_thread_abort
 .text.z_data_copy
                0x0000000000004e6c       0x34 zephyr/kernel/libkernel.a(xip.c.obj)
                0x0000000000004e6c                z_data_copy
 .text.elapsed  0x0000000000004ea0       0x14 zephyr/kernel/libkernel.a(timeout.c.obj)
 .text.next_timeout
                0x0000000000004eb4       0x4c zephyr/kernel/libkernel.a(timeout.c.obj)
 .text.remove_timeout
                0x0000000000004f00       0x34 zephyr/kernel/libkernel.a(timeout.c.obj)
 .text.z_add_timeout
                0x0000000000004f34       0xf4 zephyr/kernel/libkernel.a(timeout.c.obj)
                0x0000000000004f34                z_add_timeout
 .text.sys_clock_announce
                0x0000000000005028       0xb8 zephyr/kernel/libkernel.a(timeout.c.obj)
                0x0000000000005028                sys_clock_announce
 .text.sys_clock_tick_get
                0x00000000000050e0       0x30 zephyr/kernel/libkernel.a(timeout.c.obj)
                0x00000000000050e0                sys_clock_tick_get
 .text.boot_banner
                0x0000000000005110       0x18 zephyr/kernel/libkernel.a(banner.c.obj)
                0x0000000000005110                boot_banner
 .text.nrf_cc3xx_platform_init_no_rng
                0x0000000000005128       0x38 /home/rt/ncs/nrfxlib/crypto/nrf_cc310_platform/lib/cortex-m4/soft-float/no-interrupts/libnrf_cc310_platform_0.9.14.a(nrf_cc3xx_platform.c.obj)
                0x0000000000005128                nrf_cc3xx_platform_init_no_rng
 .text.nrf_cc3xx_platform_abort
                0x0000000000005160       0x24 /home/rt/ncs/nrfxlib/crypto/nrf_cc310_platform/lib/cortex-m4/soft-float/no-interrupts/libnrf_cc310_platform_0.9.14.a(nrf_cc3xx_platform_abort.c.obj)
 .text.CC_PalAbort
                0x0000000000005184       0x34 /home/rt/ncs/nrfxlib/crypto/nrf_cc310_platform/lib/cortex-m4/soft-float/no-interrupts/libnrf_cc310_platform_0.9.14.a(nrf_cc3xx_platform_abort.c.obj)
                0x0000000000005184                CC_PalAbort
 .text.nrf_cc3xx_platform_set_abort
                0x00000000000051b8       0x10 /home/rt/ncs/nrfxlib/crypto/nrf_cc310_platform/lib/cortex-m4/soft-float/no-interrupts/libnrf_cc310_platform_0.9.14.a(nrf_cc3xx_platform_abort.c.obj)
                0x00000000000051b8                nrf_cc3xx_platform_set_abort
 .text.mutex_free
                0x00000000000051c8       0x28 /home/rt/ncs/nrfxlib/crypto/nrf_cc310_platform/lib/cortex-m4/soft-float/no-interrupts/libnrf_cc310_platform_0.9.14.a(nrf_cc3xx_platform_mutex.c.obj)
 .text.mutex_lock
                0x00000000000051f0       0x40 /home/rt/ncs/nrfxlib/crypto/nrf_cc310_platform/lib/cortex-m4/soft-float/no-interrupts/libnrf_cc310_platform_0.9.14.a(nrf_cc3xx_platform_mutex.c.obj)
 .text.mutex_unlock
                0x0000000000005230       0x2c /home/rt/ncs/nrfxlib/crypto/nrf_cc310_platform/lib/cortex-m4/soft-float/no-interrupts/libnrf_cc310_platform_0.9.14.a(nrf_cc3xx_platform_mutex.c.obj)
 .text.mutex_init
                0x000000000000525c       0x1c /home/rt/ncs/nrfxlib/crypto/nrf_cc310_platform/lib/cortex-m4/soft-float/no-interrupts/libnrf_cc310_platform_0.9.14.a(nrf_cc3xx_platform_mutex.c.obj)
 .text.nrf_cc3xx_platform_set_mutexes
                0x0000000000005278       0x60 /home/rt/ncs/nrfxlib/crypto/nrf_cc310_platform/lib/cortex-m4/soft-float/no-interrupts/libnrf_cc310_platform_0.9.14.a(nrf_cc3xx_platform_mutex.c.obj)
                0x0000000000005278                nrf_cc3xx_platform_set_mutexes
 .text.CC_LibInitNoRng
                0x00000000000052d8       0x64 /home/rt/ncs/nrfxlib/crypto/nrf_cc310_platform/lib/cortex-m4/soft-float/no-interrupts/libnrf_cc310_platform_0.9.14.a(cc_lib.c.obj)
                0x00000000000052d8                CC_LibInitNoRng
 .text.CC_HalInit
                0x000000000000533c        0x4 /home/rt/ncs/nrfxlib/crypto/nrf_cc310_platform/lib/cortex-m4/soft-float/no-interrupts/libnrf_cc310_platform_0.9.14.a(cc_hal.c.obj)
                0x000000000000533c                CC_HalInit
 .text.CC_HalTerminate
                0x0000000000005340        0x4 /home/rt/ncs/nrfxlib/crypto/nrf_cc310_platform/lib/cortex-m4/soft-float/no-interrupts/libnrf_cc310_platform_0.9.14.a(cc_hal.c.obj)
                0x0000000000005340                CC_HalTerminate
 .text.CC_HalMaskInterrupt
                0x0000000000005344        0xc /home/rt/ncs/nrfxlib/crypto/nrf_cc310_platform/lib/cortex-m4/soft-float/no-interrupts/libnrf_cc310_platform_0.9.14.a(cc_hal.c.obj)
                0x0000000000005344                CC_HalMaskInterrupt
 .text.CC_PalInit
                0x0000000000005350       0x5c /home/rt/ncs/nrfxlib/crypto/nrf_cc310_platform/lib/cortex-m4/soft-float/no-interrupts/libnrf_cc310_platform_0.9.14.a(cc_pal.c.obj)
                0x0000000000005350                CC_PalInit
 .text.CC_PalTerminate
                0x00000000000053ac       0x34 /home/rt/ncs/nrfxlib/crypto/nrf_cc310_platform/lib/cortex-m4/soft-float/no-interrupts/libnrf_cc310_platform_0.9.14.a(cc_pal.c.obj)
                0x00000000000053ac                CC_PalTerminate
 .text.CC_PalDmaInit
                0x00000000000053e0        0x4 /home/rt/ncs/nrfxlib/crypto/nrf_cc310_platform/lib/cortex-m4/soft-float/no-interrupts/libnrf_cc310_platform_0.9.14.a(cc_pal_dma.c.obj)
                0x00000000000053e0                CC_PalDmaInit
 .text.CC_PalDmaTerminate
                0x00000000000053e4        0x4 /home/rt/ncs/nrfxlib/crypto/nrf_cc310_platform/lib/cortex-m4/soft-float/no-interrupts/libnrf_cc310_platform_0.9.14.a(cc_pal_dma.c.obj)
                0x00000000000053e4                CC_PalDmaTerminate
 .text.CC_PalMutexCreate
                0x00000000000053e8       0x14 /home/rt/ncs/nrfxlib/crypto/nrf_cc310_platform/lib/cortex-m4/soft-float/no-interrupts/libnrf_cc310_platform_0.9.14.a(cc_pal_mutex.c.obj)
                0x00000000000053e8                CC_PalMutexCreate
 .text.CC_PalMutexDestroy
                0x00000000000053fc       0x14 /home/rt/ncs/nrfxlib/crypto/nrf_cc310_platform/lib/cortex-m4/soft-float/no-interrupts/libnrf_cc310_platform_0.9.14.a(cc_pal_mutex.c.obj)
                0x00000000000053fc                CC_PalMutexDestroy
 .text.CC_PalPowerSaveModeInit
                0x0000000000005410       0x3c /home/rt/ncs/nrfxlib/crypto/nrf_cc310_platform/lib/cortex-m4/soft-float/no-interrupts/libnrf_cc310_platform_0.9.14.a(cc_pal_pm.c.obj)
                0x0000000000005410                CC_PalPowerSaveModeInit
 .text.CC_PalPowerSaveModeSelect
                0x000000000000544c       0x88 /home/rt/ncs/nrfxlib/crypto/nrf_cc310_platform/lib/cortex-m4/soft-float/no-interrupts/libnrf_cc310_platform_0.9.14.a(cc_pal_pm.c.obj)
                0x000000000000544c                CC_PalPowerSaveModeSelect
 .text._OffsetAbsSyms
                0x00000000000054d4        0x2 zephyr/CMakeFiles/offsets.dir/./arch/arm/core/offsets/offsets.c.obj
                0x00000000000054d4                _OffsetAbsSyms
 .text.k_uptime_get
                0x00000000000054d6       0x1c app/libapp.a(main.c.obj)
 .text.k_msleep.isra.0
                0x00000000000054f2       0x26 app/libapp.a(main.c.obj)
 .text.sys_notify_validate
                0x0000000000005518       0x22 zephyr/libzephyr.a(notify.c.obj)
                0x0000000000005518                sys_notify_validate
 .text.sys_notify_finalize
                0x000000000000553a       0x1a zephyr/libzephyr.a(notify.c.obj)
                0x000000000000553a                sys_notify_finalize
 .text.arch_printk_char_out
                0x0000000000005554        0x4 zephyr/libzephyr.a(printk.c.obj)
                0x0000000000005554                arch_printk_char_out
 .text.printk   0x0000000000005558       0x1a zephyr/libzephyr.a(printk.c.obj)
                0x0000000000005558                printk
 .text.process_recheck
                0x0000000000005572       0x38 zephyr/libzephyr.a(onoff.c.obj)
 .text.notify_one
                0x00000000000055aa       0x2c zephyr/libzephyr.a(onoff.c.obj)
 .text.transition_complete
                0x00000000000055d6       0x1c zephyr/libzephyr.a(onoff.c.obj)
 .text.validate_args
                0x00000000000055f2       0x1e zephyr/libzephyr.a(onoff.c.obj)
 .text.onoff_manager_init
                0x0000000000005610       0x26 zephyr/libzephyr.a(onoff.c.obj)
                0x0000000000005610                onoff_manager_init
 .text.onoff_request
                0x0000000000005636       0x92 zephyr/libzephyr.a(onoff.c.obj)
                0x0000000000005636                onoff_request
 .text.z_thread_entry
                0x00000000000056c8       0x14 zephyr/libzephyr.a(thread_entry.c.obj)
                0x00000000000056c8                z_thread_entry
 .text._ldiv5   0x00000000000056dc       0x30 zephyr/libzephyr.a(cbprintf_complete.c.obj)
 .text._get_digit
                0x000000000000570c       0x2e zephyr/libzephyr.a(cbprintf_complete.c.obj)
 .text.encode_uint
                0x000000000000573a       0x8c zephyr/libzephyr.a(cbprintf_complete.c.obj)
 .text.outs     0x00000000000057c6       0x2c zephyr/libzephyr.a(cbprintf_complete.c.obj)
 .text._ConfigAbsSyms
                0x00000000000057f2        0x2 zephyr/libzephyr.a(configs.c.obj)
                0x00000000000057f2                _ConfigAbsSyms
 .text.abort_function
                0x00000000000057f4        0x8 zephyr/libzephyr.a(nrf_cc3xx_platform_abort_zephyr.c.obj)
 .text.z_arm_fatal_error
                0x00000000000057fc        0x4 zephyr/arch/arch/arm/core/aarch32/libarch__arm__core__aarch32.a(fatal.c.obj)
                0x00000000000057fc                z_arm_fatal_error
 .text.z_do_kernel_oops
                0x0000000000005800        0x8 zephyr/arch/arch/arm/core/aarch32/libarch__arm__core__aarch32.a(fatal.c.obj)
                0x0000000000005800                z_do_kernel_oops
 .text.z_irq_spurious
                0x0000000000005808        0x8 zephyr/arch/arch/arm/core/aarch32/libarch__arm__core__aarch32.a(irq_manage.c.obj)
                0x0000000000005808                z_irq_spurious
 .text.z_arm_nmi
                0x0000000000005810        0xe zephyr/arch/arch/arm/core/aarch32/libarch__arm__core__aarch32.a(nmi.c.obj)
                0x0000000000005810                z_arm_nmi
 .text.strcpy   0x000000000000581e       0x14 zephyr/lib/libc/minimal/liblib__libc__minimal.a(string.c.obj)
                0x000000000000581e                strcpy
 .text.strlen   0x0000000000005832        0xe zephyr/lib/libc/minimal/liblib__libc__minimal.a(string.c.obj)
                0x0000000000005832                strlen
 .text.strnlen  0x0000000000005840       0x12 zephyr/lib/libc/minimal/liblib__libc__minimal.a(string.c.obj)
                0x0000000000005840                strnlen
 .text.memcpy   0x0000000000005852       0x16 zephyr/lib/libc/minimal/liblib__libc__minimal.a(string.c.obj)
                0x0000000000005852                memcpy
 .text.memset   0x0000000000005868       0x12 zephyr/lib/libc/minimal/liblib__libc__minimal.a(string.c.obj)
                0x0000000000005868                memset
 .text._stdout_hook_default
                0x000000000000587a        0x6 zephyr/lib/libc/minimal/liblib__libc__minimal.a(stdout_console.c.obj)
 .text.pm_state_set
                0x0000000000005880       0x18 zephyr/soc/arm/nordic_nrf/nrf52/libsoc__arm__nordic_nrf__nrf52.a(power.c.obj)
                0x0000000000005880                pm_state_set
 .text.pm_state_exit_post_ops
                0x0000000000005898        0xc zephyr/soc/arm/nordic_nrf/nrf52/libsoc__arm__nordic_nrf__nrf52.a(power.c.obj)
                0x0000000000005898                pm_state_exit_post_ops
 .text.get_status
                0x00000000000058a4       0x12 zephyr/drivers/clock_control/libdrivers__clock_control.a(clock_control_nrf.c.obj)
 .text.set_on_state
                0x00000000000058b6       0x26 zephyr/drivers/clock_control/libdrivers__clock_control.a(clock_control_nrf.c.obj)
 .text.stop     0x00000000000058dc       0x52 zephyr/drivers/clock_control/libdrivers__clock_control.a(clock_control_nrf.c.obj)
 .text.api_stop
                0x000000000000592e        0x6 zephyr/drivers/clock_control/libdrivers__clock_control.a(clock_control_nrf.c.obj)
 .text.async_start
                0x0000000000005934       0x62 zephyr/drivers/clock_control/libdrivers__clock_control.a(clock_control_nrf.c.obj)
 .text.api_start
                0x0000000000005996        0xe zephyr/drivers/clock_control/libdrivers__clock_control.a(clock_control_nrf.c.obj)
 .text.onoff_started_callback
                0x00000000000059a4       0x12 zephyr/drivers/clock_control/libdrivers__clock_control.a(clock_control_nrf.c.obj)
 .text.lfclk_start
                0x00000000000059b6        0x6 zephyr/drivers/clock_control/libdrivers__clock_control.a(clock_control_nrf.c.obj)
 .text.lfclk_stop
                0x00000000000059bc        0x6 zephyr/drivers/clock_control/libdrivers__clock_control.a(clock_control_nrf.c.obj)
 .text.blocking_start_callback
                0x00000000000059c2        0x6 zephyr/drivers/clock_control/libdrivers__clock_control.a(clock_control_nrf.c.obj)
 .text.gpio_nrfx_port_get_raw
                0x00000000000059c8        0xe zephyr/drivers/gpio/libdrivers__gpio.a(gpio_nrfx.c.obj)
 .text.gpio_nrfx_port_set_masked_raw
                0x00000000000059d6       0x16 zephyr/drivers/gpio/libdrivers__gpio.a(gpio_nrfx.c.obj)
 .text.gpio_nrfx_port_set_bits_raw
                0x00000000000059ec        0xc zephyr/drivers/gpio/libdrivers__gpio.a(gpio_nrfx.c.obj)
 .text.gpio_nrfx_port_clear_bits_raw
                0x00000000000059f8        0xc zephyr/drivers/gpio/libdrivers__gpio.a(gpio_nrfx.c.obj)
 .text.gpio_nrfx_port_toggle_bits
                0x0000000000005a04       0x12 zephyr/drivers/gpio/libdrivers__gpio.a(gpio_nrfx.c.obj)
 .text.gpio_nrfx_manage_callback
                0x0000000000005a16       0x54 zephyr/drivers/gpio/libdrivers__gpio.a(gpio_nrfx.c.obj)
 .text.i2c_nrfx_twi_configure
                0x0000000000005a6a       0x32 zephyr/drivers/i2c/libdrivers__i2c.a(i2c_nrfx_twi.c.obj)
 .text.uarte_nrfx_config_get
                0x0000000000005a9c       0x10 zephyr/drivers/serial/libdrivers__serial.a(uart_nrfx_uarte.c.obj)
 .text.uarte_nrfx_err_check
                0x0000000000005aac        0xe zephyr/drivers/serial/libdrivers__serial.a(uart_nrfx_uarte.c.obj)
 .text.uarte_nrfx_poll_in
                0x0000000000005aba       0x26 zephyr/drivers/serial/libdrivers__serial.a(uart_nrfx_uarte.c.obj)
 .text.is_tx_ready.isra.0
                0x0000000000005ae0       0x20 zephyr/drivers/serial/libdrivers__serial.a(uart_nrfx_uarte.c.obj)
 .text.uarte_nrfx_isr_int
                0x0000000000005b00       0x72 zephyr/drivers/serial/libdrivers__serial.a(uart_nrfx_uarte.c.obj)
 .text.uarte_1_init
                0x0000000000005b72       0x1e zephyr/drivers/serial/libdrivers__serial.a(uart_nrfx_uarte.c.obj)
 .text.uarte_0_init
                0x0000000000005b90       0x1e zephyr/drivers/serial/libdrivers__serial.a(uart_nrfx_uarte.c.obj)
 .text.sys_clock_idle_exit
                0x0000000000005bae        0x2 zephyr/drivers/timer/libdrivers__timer.a(sys_clock_init.c.obj)
                0x0000000000005bae                sys_clock_idle_exit
 .text.pinctrl_lookup_state
                0x0000000000005bb0       0x30 zephyr/drivers/pinctrl/libdrivers__pinctrl.a(common.c.obj)
                0x0000000000005bb0                pinctrl_lookup_state
 .text.nrf_gpio_pin_write
                0x0000000000005be0        0xa zephyr/drivers/pinctrl/libdrivers__pinctrl.a(pinctrl_nrf.c.obj)
 .text.pinctrl_configure_pins
                0x0000000000005bea      0x13e zephyr/drivers/pinctrl/libdrivers__pinctrl.a(pinctrl_nrf.c.obj)
                0x0000000000005bea                pinctrl_configure_pins
 .text.k_sys_fatal_error_handler
                0x0000000000005d28        0x8 modules/nrf/lib/fatal_error/lib..__nrf__lib__fatal_error.a(fatal_error.c.obj)
                0x0000000000005d28                k_sys_fatal_error_handler
 .text.hw_cc3xx_init_internal
                0x0000000000005d30        0x4 modules/nrf/drivers/hw_cc310/lib..__nrf__drivers__hw_cc310.a(hw_cc310.c.obj)
 .text.hw_cc3xx_init
                0x0000000000005d34       0x12 modules/nrf/drivers/hw_cc310/lib..__nrf__drivers__hw_cc310.a(hw_cc310.c.obj)
 .text.nrf52_errata_36
                0x0000000000005d46       0x12 modules/hal_nordic/nrfx/libmodules__hal_nordic__nrfx.a(system_nrf52840.c.obj)
 .text.nrfx_isr
                0x0000000000005d58        0x2 modules/hal_nordic/nrfx/libmodules__hal_nordic__nrfx.a(nrfx_glue.c.obj)
                0x0000000000005d58                nrfx_isr
 .text.nrfx_busy_wait
                0x0000000000005d5a        0x4 modules/hal_nordic/nrfx/libmodules__hal_nordic__nrfx.a(nrfx_glue.c.obj)
                0x0000000000005d5a                nrfx_busy_wait
 .text.nrfx_clock_enable
                0x0000000000005d5e       0x1a modules/hal_nordic/nrfx/libmodules__hal_nordic__nrfx.a(nrfx_clock.c.obj)
                0x0000000000005d5e                nrfx_clock_enable
 .text.nrfx_clock_start
                0x0000000000005d78       0x7a modules/hal_nordic/nrfx/libmodules__hal_nordic__nrfx.a(nrfx_clock.c.obj)
                0x0000000000005d78                nrfx_clock_start
 .text.nrfx_clock_stop
                0x0000000000005df2        0x4 modules/hal_nordic/nrfx/libmodules__hal_nordic__nrfx.a(nrfx_clock.c.obj)
                0x0000000000005df2                nrfx_clock_stop
 .text.nrf_gpio_reconfigure
                0x0000000000005df6       0x8e modules/hal_nordic/nrfx/libmodules__hal_nordic__nrfx.a(nrfx_gpiote.c.obj)
 .text.nrf_gpio_cfg_sense_set
                0x0000000000005e84       0x1e modules/hal_nordic/nrfx/libmodules__hal_nordic__nrfx.a(nrfx_gpiote.c.obj)
 .text.twi_send_byte
                0x0000000000005ea2       0x3a modules/hal_nordic/nrfx/libmodules__hal_nordic__nrfx.a(nrfx_twi.c.obj)
 .text.twi_transfer
                0x0000000000005edc      0x118 modules/hal_nordic/nrfx/libmodules__hal_nordic__nrfx.a(nrfx_twi.c.obj)
 .text.nrf_gpio_pin_set
                0x0000000000005ff4       0x1a modules/hal_nordic/nrfx/libmodules__hal_nordic__nrfx.a(nrfx_twi_twim.c.obj)
 .text.SEGGER_RTT_Init
                0x000000000000600e        0x4 modules/segger/libmodules__segger.a(SEGGER_RTT.c.obj)
                0x000000000000600e                SEGGER_RTT_Init
 .text.rtt_init
                0x0000000000006012        0xa modules/segger/libmodules__segger.a(SEGGER_RTT_zephyr.c.obj)
 .text.z_device_state_init
                0x000000000000601c        0x2 zephyr/kernel/libkernel.a(device.c.obj)
                0x000000000000601c                z_device_state_init
 .text.z_device_is_ready
                0x000000000000601e       0x14 zephyr/kernel/libkernel.a(device.c.obj)
                0x000000000000601e                z_device_is_ready
 .text.z_fatal_error
                0x0000000000006032       0x36 zephyr/kernel/libkernel.a(fatal.c.obj)
                0x0000000000006032                z_fatal_error
 .text.z_early_memset
                0x0000000000006068        0x4 zephyr/kernel/libkernel.a(init.c.obj)
                0x0000000000006068                z_early_memset
 .text.z_early_memcpy
                0x000000000000606c        0x4 zephyr/kernel/libkernel.a(init.c.obj)
                0x000000000000606c                z_early_memcpy
 .text.k_mem_slab_init
                0x0000000000006070       0x36 zephyr/kernel/libkernel.a(mem_slab.c.obj)
                0x0000000000006070                k_mem_slab_init
 .text.k_mem_slab_free
                0x00000000000060a6       0x52 zephyr/kernel/libkernel.a(mem_slab.c.obj)
                0x00000000000060a6                k_mem_slab_free
 .text.k_is_in_isr
                0x00000000000060f8        0xc zephyr/kernel/libkernel.a(thread.c.obj)
                0x00000000000060f8                k_is_in_isr
 .text.z_pm_save_idle_exit
                0x0000000000006104        0xe zephyr/kernel/libkernel.a(idle.c.obj)
                0x0000000000006104                z_pm_save_idle_exit
 .text.adjust_owner_prio.isra.0
                0x0000000000006112       0x10 zephyr/kernel/libkernel.a(mutex.c.obj)
 .text.z_impl_k_mutex_init
                0x0000000000006122        0xe zephyr/kernel/libkernel.a(mutex.c.obj)
                0x0000000000006122                z_impl_k_mutex_init
 .text.sys_dlist_remove
                0x0000000000006130       0x10 zephyr/kernel/libkernel.a(sched.c.obj)
 .text.unpend_thread_no_timeout
                0x0000000000006140       0x14 zephyr/kernel/libkernel.a(sched.c.obj)
 .text.z_reschedule_irqlock
                0x0000000000006154       0x18 zephyr/kernel/libkernel.a(sched.c.obj)
                0x0000000000006154                z_reschedule_irqlock
 .text.z_reschedule_unlocked
                0x000000000000616c       0x14 zephyr/kernel/libkernel.a(sched.c.obj)
 .text.z_priq_dumb_best
                0x0000000000006180        0xc zephyr/kernel/libkernel.a(sched.c.obj)
                0x0000000000006180                z_priq_dumb_best
 .text.z_ready_thread
                0x000000000000618c       0x20 zephyr/kernel/libkernel.a(sched.c.obj)
                0x000000000000618c                z_ready_thread
 .text.z_thread_timeout
                0x00000000000061ac       0x44 zephyr/kernel/libkernel.a(sched.c.obj)
                0x00000000000061ac                z_thread_timeout
 .text.add_to_waitq_locked
                0x00000000000061f0       0x54 zephyr/kernel/libkernel.a(sched.c.obj)
 .text.z_unpend_first_thread
                0x0000000000006244       0x30 zephyr/kernel/libkernel.a(sched.c.obj)
                0x0000000000006244                z_unpend_first_thread
 .text.z_abort_timeout
                0x0000000000006274       0x2c zephyr/kernel/libkernel.a(timeout.c.obj)
                0x0000000000006274                z_abort_timeout
 .text.z_get_next_timeout_expiry
                0x00000000000062a0       0x20 zephyr/kernel/libkernel.a(timeout.c.obj)
                0x00000000000062a0                z_get_next_timeout_expiry
 .text.z_set_timeout_expiry
                0x00000000000062c0       0x34 zephyr/kernel/libkernel.a(timeout.c.obj)
                0x00000000000062c0                z_set_timeout_expiry
 .text.sys_clock_tick_get_32
                0x00000000000062f4        0x8 zephyr/kernel/libkernel.a(timeout.c.obj)
                0x00000000000062f4                sys_clock_tick_get_32
 .text.z_impl_k_uptime_ticks
                0x00000000000062fc        0x4 zephyr/kernel/libkernel.a(timeout.c.obj)
                0x00000000000062fc                z_impl_k_uptime_ticks
 .text.z_impl_k_busy_wait
                0x0000000000006300        0x8 zephyr/kernel/libkernel.a(timeout.c.obj)
                0x0000000000006300                z_impl_k_busy_wait
 *(SORT_BY_ALIGNMENT(.TEXT.*))
 .TEXT.z_arm_platform_init
                0x0000000000006308        0x4 zephyr/libzephyr.a(soc_nrf_common.S.obj)
                0x0000000000006308                z_arm_platform_init
 *(SORT_BY_ALIGNMENT(.gnu.linkonce.t.*))
 *(SORT_BY_ALIGNMENT(.glue_7t))
 .glue_7t       0x000000000000630c        0x0 linker stubs
 *(SORT_BY_ALIGNMENT(.glue_7))
 .glue_7        0x000000000000630c        0x0 linker stubs
 *(SORT_BY_ALIGNMENT(.vfp11_veneer))
 .vfp11_veneer  0x000000000000630c        0x0 linker stubs
 *(SORT_BY_ALIGNMENT(.v4_bx))
 .v4_bx         0x000000000000630c        0x0 linker stubs
                0x000000000000630c                __text_region_end = .

.ARM.exidx      0x000000000000630c        0x8
                0x000000000000630c                __exidx_start = .
 *(SORT_BY_ALIGNMENT(.ARM.exidx*) SORT_BY_ALIGNMENT(gnu.linkonce.armexidx.*))
 .ARM.exidx     0x000000000000630c        0x8 /home/rt/zephyr-sdk-0.14.1/arm-zephyr-eabi/bin/../lib/gcc/arm-zephyr-eabi/10.3.0/thumb/v7e-m/nofp/libgcc.a(_udivmoddi4.o)
                0x0000000000006314                __exidx_end = .
                0x0000000000006314                __rodata_region_start = .

initlevel       0x0000000000006314       0x68
                0x0000000000006314                __init_start = .
                0x0000000000006314                __init_PRE_KERNEL_1_start = .
 *(SORT_BY_NAME(SORT_BY_ALIGNMENT(.z_init_PRE_KERNEL_1[0-9]_*)))
 .z_init_PRE_KERNEL_10_
                0x0000000000006314        0x8 zephyr/soc/arm/nordic_nrf/nrf52/libsoc__arm__nordic_nrf__nrf52.a(soc.c.obj)
 *(SORT_BY_NAME(SORT_BY_ALIGNMENT(.z_init_PRE_KERNEL_1[1-9][0-9]_*)))
 .z_init_PRE_KERNEL_130_
                0x000000000000631c        0x8 zephyr/drivers/clock_control/libdrivers__clock_control.a(clock_control_nrf.c.obj)
 .z_init_PRE_KERNEL_130_
                0x0000000000006324        0x8 modules/segger/libmodules__segger.a(SEGGER_RTT_zephyr.c.obj)
 .z_init_PRE_KERNEL_130_
                0x000000000000632c        0x8 zephyr/kernel/libkernel.a(mem_slab.c.obj)
 .z_init_PRE_KERNEL_140_
                0x0000000000006334       0x10 zephyr/drivers/gpio/libdrivers__gpio.a(gpio_nrfx.c.obj)
 .z_init_PRE_KERNEL_140_
                0x0000000000006344        0x8 modules/nrf/drivers/hw_cc310/lib..__nrf__drivers__hw_cc310.a(hw_cc310.c.obj)
 .z_init_PRE_KERNEL_155_
                0x000000000000634c       0x10 zephyr/drivers/serial/libdrivers__serial.a(uart_nrfx_uarte.c.obj)
 .z_init_PRE_KERNEL_160_
                0x000000000000635c        0x8 zephyr/drivers/console/libdrivers__console.a(uart_console.c.obj)
                0x0000000000006364                __init_PRE_KERNEL_2_start = .
 *(SORT_BY_NAME(SORT_BY_ALIGNMENT(.z_init_PRE_KERNEL_2[0-9]_*)))
 .z_init_PRE_KERNEL_20_
                0x0000000000006364        0x8 zephyr/drivers/timer/libdrivers__timer.a(nrf_rtc_timer.c.obj)
 *(SORT_BY_NAME(SORT_BY_ALIGNMENT(.z_init_PRE_KERNEL_2[1-9][0-9]_*)))
                0x000000000000636c                __init_POST_KERNEL_start = .
 *(SORT_BY_NAME(SORT_BY_ALIGNMENT(.z_init_POST_KERNEL[0-9]_*)))
 *(SORT_BY_NAME(SORT_BY_ALIGNMENT(.z_init_POST_KERNEL[1-9][0-9]_*)))
 .z_init_POST_KERNEL40_
                0x000000000000636c        0x8 modules/nrf/drivers/hw_cc310/lib..__nrf__drivers__hw_cc310.a(hw_cc310.c.obj)
 .z_init_POST_KERNEL50_
                0x0000000000006374        0x8 zephyr/drivers/i2c/libdrivers__i2c.a(i2c_nrfx_twi.c.obj)
                0x000000000000637c                __init_APPLICATION_start = .
 *(SORT_BY_NAME(SORT_BY_ALIGNMENT(.z_init_APPLICATION[0-9]_*)))
 *(SORT_BY_NAME(SORT_BY_ALIGNMENT(.z_init_APPLICATION[1-9][0-9]_*)))
                0x000000000000637c                __init_SMP_start = .
 *(SORT_BY_NAME(SORT_BY_ALIGNMENT(.z_init_SMP[0-9]_*)))
 *(SORT_BY_NAME(SORT_BY_ALIGNMENT(.z_init_SMP[1-9][0-9]_*)))
                0x000000000000637c                __init_end = .

devices         0x000000000000637c       0x90
                0x000000000000637c                __device_start = .
                0x000000000000637c                __device_PRE_KERNEL_1_start = .
 *(SORT_BY_NAME(SORT_BY_ALIGNMENT(.z_device_PRE_KERNEL_1[0-9]_*)))
 *(SORT_BY_NAME(SORT_BY_ALIGNMENT(.z_device_PRE_KERNEL_1[1-9][0-9]_*)))
 .z_device_PRE_KERNEL_130_
                0x000000000000637c       0x18 zephyr/drivers/clock_control/libdrivers__clock_control.a(clock_control_nrf.c.obj)
                0x000000000000637c                __device_dts_ord_72
 .z_device_PRE_KERNEL_140_
                0x0000000000006394       0x30 zephyr/drivers/gpio/libdrivers__gpio.a(gpio_nrfx.c.obj)
                0x0000000000006394                __device_dts_ord_11
                0x00000000000063ac                __device_dts_ord_103
 .z_device_PRE_KERNEL_155_
                0x00000000000063c4       0x30 zephyr/drivers/serial/libdrivers__serial.a(uart_nrfx_uarte.c.obj)
                0x00000000000063c4                __device_dts_ord_112
                0x00000000000063dc                __device_dts_ord_111
                0x00000000000063f4                __device_PRE_KERNEL_2_start = .
 *(SORT_BY_NAME(SORT_BY_ALIGNMENT(.z_device_PRE_KERNEL_2[0-9]_*)))
 *(SORT_BY_NAME(SORT_BY_ALIGNMENT(.z_device_PRE_KERNEL_2[1-9][0-9]_*)))
                0x00000000000063f4                __device_POST_KERNEL_start = .
 *(SORT_BY_NAME(SORT_BY_ALIGNMENT(.z_device_POST_KERNEL[0-9]_*)))
 *(SORT_BY_NAME(SORT_BY_ALIGNMENT(.z_device_POST_KERNEL[1-9][0-9]_*)))
 .z_device_POST_KERNEL50_
                0x00000000000063f4       0x18 zephyr/drivers/i2c/libdrivers__i2c.a(i2c_nrfx_twi.c.obj)
                0x00000000000063f4                __device_dts_ord_126
                0x000000000000640c                __device_APPLICATION_start = .
 *(SORT_BY_NAME(SORT_BY_ALIGNMENT(.z_device_APPLICATION[0-9]_*)))
 *(SORT_BY_NAME(SORT_BY_ALIGNMENT(.z_device_APPLICATION[1-9][0-9]_*)))
                0x000000000000640c                __device_SMP_start = .
 *(SORT_BY_NAME(SORT_BY_ALIGNMENT(.z_device_SMP[0-9]_*)))
 *(SORT_BY_NAME(SORT_BY_ALIGNMENT(.z_device_SMP[1-9][0-9]_*)))
                0x000000000000640c                __device_end = .

sw_isr_table    0x000000000000640c      0x180
                0x000000000000640c                . = ALIGN (0x0)
 *(SORT_BY_ALIGNMENT(.gnu.linkonce.sw_isr_table*))
 .gnu.linkonce.sw_isr_table
                0x000000000000640c      0x180 zephyr/arch/common/libisr_tables.a(isr_tables.c.obj)
                0x000000000000640c                _sw_isr_table

initlevel_error
                0x0000000000006314        0x0
 *(SORT_BY_NAME(SORT_BY_ALIGNMENT(.z_init_[_A-Z0-9]*)))
                0x0000000000000001                ASSERT ((SIZEOF (initlevel_error) == 0x0), Undefined initialization levels used.)

app_shmem_regions
                0x000000000000658c        0x0
                0x000000000000658c                __app_shmem_regions_start = .
 *(SORT_BY_NAME(SORT_BY_ALIGNMENT(.app_regions.*)))
                0x000000000000658c                __app_shmem_regions_end = .

bt_l2cap_fixed_chan_area
                0x000000000000658c        0x0
                0x000000000000658c                _bt_l2cap_fixed_chan_list_start = .
 *(SORT_BY_NAME(SORT_BY_ALIGNMENT(._bt_l2cap_fixed_chan.static.*)))
                0x000000000000658c                _bt_l2cap_fixed_chan_list_end = .

bt_gatt_service_static_area
                0x000000000000658c        0x0
                0x000000000000658c                _bt_gatt_service_static_list_start = .
 *(SORT_BY_NAME(SORT_BY_ALIGNMENT(._bt_gatt_service_static.static.*)))
                0x000000000000658c                _bt_gatt_service_static_list_end = .

k_p4wq_initparam_area
                0x000000000000658c        0x0
                0x000000000000658c                _k_p4wq_initparam_list_start = .
 *(SORT_BY_NAME(SORT_BY_ALIGNMENT(._k_p4wq_initparam.static.*)))
                0x000000000000658c                _k_p4wq_initparam_list_end = .

log_strings_sections
                0x000000000000658c        0x0
                0x000000000000658c                __log_strings_start = .
 *(SORT_BY_NAME(SORT_BY_ALIGNMENT(.log_strings*)))
                0x000000000000658c                __log_strings_end = .

log_const_sections
                0x000000000000658c        0x0
                0x000000000000658c                __log_const_start = .
 *(SORT_BY_NAME(SORT_BY_ALIGNMENT(.log_const_*)))
                0x000000000000658c                __log_const_end = .

log_backends_sections
                0x000000000000658c        0x0
                0x000000000000658c                __log_backends_start = .
 *(SORT_BY_ALIGNMENT(._log_backend.*))
                0x000000000000658c                __log_backends_end = .

shell_area      0x000000000000658c        0x0
                0x000000000000658c                _shell_list_start = .
 *(SORT_BY_NAME(SORT_BY_ALIGNMENT(._shell.static.*)))
                0x000000000000658c                _shell_list_end = .

shell_root_cmds_sections
                0x000000000000658c        0x0
                0x000000000000658c                __shell_root_cmds_start = .
 *(SORT_BY_NAME(SORT_BY_ALIGNMENT(.shell_root_cmd_*)))
                0x000000000000658c                __shell_root_cmds_end = .

font_entry_sections
                0x000000000000658c        0x0
                0x000000000000658c                __font_entry_start = .
 *(SORT_BY_NAME(SORT_BY_ALIGNMENT(._cfb_font.*)))
                0x000000000000658c                __font_entry_end = .

tracing_backend_area
                0x000000000000658c        0x0
                0x000000000000658c                _tracing_backend_list_start = .
 *(SORT_BY_NAME(SORT_BY_ALIGNMENT(._tracing_backend.static.*)))
                0x000000000000658c                _tracing_backend_list_end = .

zephyr_dbg_info
 *(SORT_BY_ALIGNMENT(.dbg_thread_info))

device_handles  0x000000000000658c       0x24
                0x000000000000658c                __device_handles_start = .
 *(SORT_BY_NAME(SORT_BY_ALIGNMENT(.__device_handles_pass2*)))
 .__device_handles_pass2
                0x000000000000658c       0x24 zephyr/CMakeFiles/zephyr_pre1.dir/dev_handles.c.obj
                0x000000000000658c                __devicehdl_DT_N_S_soc_S_i2c_40003000
                0x0000000000006592                __devicehdl_DT_N_S_soc_S_uart_40002000
                0x0000000000006598                __devicehdl_DT_N_S_soc_S_uart_40028000
                0x000000000000659e                __devicehdl_DT_N_S_soc_S_gpio_50000300
                0x00000000000065a4                __devicehdl_DT_N_S_soc_S_gpio_50000000
                0x00000000000065aa                __devicehdl_DT_N_S_soc_S_clock_40000000
                0x00000000000065b0                __device_handles_end = .

rodata          0x00000000000065b0      0x440
 *(SORT_BY_ALIGNMENT(.rodata))
 *(SORT_BY_ALIGNMENT(.rodata.*))
 .rodata.delay_machine_code.0
                0x00000000000065b0        0x6 zephyr/soc/arm/nordic_nrf/nrf52/libsoc__arm__nordic_nrf__nrf52.a(soc.c.obj)
 *fill*         0x00000000000065b6        0x2 
 .rodata.pmstates_DT_N_S_cpus_S_cpu_0
                0x00000000000065b8        0x0 zephyr/libzephyr.a(state.c.obj)
 .rodata.apis   0x00000000000065b8        0x8 zephyr/libzephyr.a(nrf_cc3xx_platform_abort_zephyr.c.obj)
 .rodata.mutex_apis
                0x00000000000065c0       0x10 zephyr/libzephyr.a(nrf_cc3xx_platform_mutex_zephyr.c.obj)
 .rodata.mutexes
                0x00000000000065d0       0x14 zephyr/libzephyr.a(nrf_cc3xx_platform_mutex_zephyr.c.obj)
 .rodata.static_regions
                0x00000000000065e4        0xc zephyr/arch/arch/arm/core/aarch32/mpu/libarch__arm__core__aarch32__mpu.a(arm_core_mpu.c.obj)
 .rodata.mpu_config
                0x00000000000065f0        0x8 zephyr/soc/arm/common/cortex_m/libsoc__arm__common__cortex_m.a(arm_mpu_regions.c.obj)
                0x00000000000065f0                mpu_config
 .rodata.mpu_regions
                0x00000000000065f8       0x18 zephyr/soc/arm/common/cortex_m/libsoc__arm__common__cortex_m.a(arm_mpu_regions.c.obj)
 .rodata.clock_control_api
                0x0000000000006610       0x18 zephyr/drivers/clock_control/libdrivers__clock_control.a(clock_control_nrf.c.obj)
 .rodata.config
                0x0000000000006628       0x10 zephyr/drivers/clock_control/libdrivers__clock_control.a(clock_control_nrf.c.obj)
 .rodata.transitions.0
                0x0000000000006638        0xc zephyr/drivers/clock_control/libdrivers__clock_control.a(clock_control_nrf.c.obj)
 .rodata.gpio_nrfx_drv_api_funcs
                0x0000000000006644       0x24 zephyr/drivers/gpio/libdrivers__gpio.a(gpio_nrfx.c.obj)
 .rodata.gpio_nrfx_p0_cfg
                0x0000000000006668       0x10 zephyr/drivers/gpio/libdrivers__gpio.a(gpio_nrfx.c.obj)
 .rodata.gpio_nrfx_p1_cfg
                0x0000000000006678       0x10 zephyr/drivers/gpio/libdrivers__gpio.a(gpio_nrfx.c.obj)
 .rodata.__pinctrl_dev_config__device_dts_ord_126
                0x0000000000006688        0xc zephyr/drivers/i2c/libdrivers__i2c.a(i2c_nrfx_twi.c.obj)
 .rodata.__pinctrl_state_pins_0__device_dts_ord_126
                0x0000000000006694        0x8 zephyr/drivers/i2c/libdrivers__i2c.a(i2c_nrfx_twi.c.obj)
 .rodata.__pinctrl_states__device_dts_ord_126
                0x000000000000669c        0x8 zephyr/drivers/i2c/libdrivers__i2c.a(i2c_nrfx_twi.c.obj)
 .rodata.i2c_nrfx_twi_driver_api
                0x00000000000066a4       0x18 zephyr/drivers/i2c/libdrivers__i2c.a(i2c_nrfx_twi.c.obj)
 .rodata.twi_0z_config
                0x00000000000066bc       0x1c zephyr/drivers/i2c/libdrivers__i2c.a(i2c_nrfx_twi.c.obj)
 .rodata.__pinctrl_dev_config__device_dts_ord_111
                0x00000000000066d8        0xc zephyr/drivers/serial/libdrivers__serial.a(uart_nrfx_uarte.c.obj)
 .rodata.__pinctrl_dev_config__device_dts_ord_112
                0x00000000000066e4        0xc zephyr/drivers/serial/libdrivers__serial.a(uart_nrfx_uarte.c.obj)
 .rodata.__pinctrl_state_pins_0__device_dts_ord_111
                0x00000000000066f0       0x10 zephyr/drivers/serial/libdrivers__serial.a(uart_nrfx_uarte.c.obj)
 .rodata.__pinctrl_state_pins_0__device_dts_ord_112
                0x0000000000006700        0x8 zephyr/drivers/serial/libdrivers__serial.a(uart_nrfx_uarte.c.obj)
 .rodata.__pinctrl_states__device_dts_ord_111
                0x0000000000006708        0x8 zephyr/drivers/serial/libdrivers__serial.a(uart_nrfx_uarte.c.obj)
 .rodata.__pinctrl_states__device_dts_ord_112
                0x0000000000006710        0x8 zephyr/drivers/serial/libdrivers__serial.a(uart_nrfx_uarte.c.obj)
 .rodata.uart_nrfx_uarte_driver_api
                0x0000000000006718       0x14 zephyr/drivers/serial/libdrivers__serial.a(uart_nrfx_uarte.c.obj)
 .rodata.uarte_0z_config
                0x000000000000672c       0x10 zephyr/drivers/serial/libdrivers__serial.a(uart_nrfx_uarte.c.obj)
 .rodata.uarte_1z_config
                0x000000000000673c       0x10 zephyr/drivers/serial/libdrivers__serial.a(uart_nrfx_uarte.c.obj)
 .rodata.levels.0
                0x000000000000674c       0x14 zephyr/kernel/libkernel.a(device.c.obj)
 .rodata._k_neg_eagain
                0x0000000000006760        0x4 zephyr/kernel/libkernel.a(errno.c.obj)
                0x0000000000006760                _k_neg_eagain
 .rodata.CSWTCH.12
                0x0000000000006764       0x1c /home/rt/ncs/nrfxlib/crypto/nrf_cc310_platform/lib/cortex-m4/soft-float/no-interrupts/libnrf_cc310_platform_0.9.14.a(nrf_cc3xx_platform.c.obj)
 .rodata.mutex_free.str1.4
                0x0000000000006780       0x26 /home/rt/ncs/nrfxlib/crypto/nrf_cc310_platform/lib/cortex-m4/soft-float/no-interrupts/libnrf_cc310_platform_0.9.14.a(nrf_cc3xx_platform_mutex.c.obj)
 *fill*         0x00000000000067a6        0x2 
 .rodata.mutex_init.str1.4
                0x00000000000067a8       0x23 /home/rt/ncs/nrfxlib/crypto/nrf_cc310_platform/lib/cortex-m4/soft-float/no-interrupts/libnrf_cc310_platform_0.9.14.a(nrf_cc3xx_platform_mutex.c.obj)
 *fill*         0x00000000000067cb        0x1 
 .rodata.CC_PalPowerSaveModeInit.str1.4
                0x00000000000067cc       0x20 /home/rt/ncs/nrfxlib/crypto/nrf_cc310_platform/lib/cortex-m4/soft-float/no-interrupts/libnrf_cc310_platform_0.9.14.a(cc_pal_pm.c.obj)
 .rodata.thread_print_code.str1.1
                0x00000000000067ec       0x23 app/libapp.a(main.c.obj)
                                         0x25 (size before relaxing)
 .rodata.thread_tempread_code.str1.1
                0x000000000000680f       0x60 app/libapp.a(main.c.obj)
                                         0x65 (size before relaxing)
 .rodata.main.str1.1
                0x000000000000686f       0x68 app/libapp.a(main.c.obj)
 .rodata.cbvprintf.str1.1
                0x00000000000068d7        0x6 zephyr/libzephyr.a(cbprintf_complete.c.obj)
 .rodata.sys_reboot.str1.1
                0x00000000000068dd       0x29 zephyr/libzephyr.a(reboot.c.obj)
 .rodata.mutex_free_platform.str1.1
                0x0000000000006906       0x26 zephyr/libzephyr.a(nrf_cc3xx_platform_mutex_zephyr.c.obj)
 .rodata.mutex_init_platform.str1.1
                0x000000000000692c       0x2d zephyr/libzephyr.a(nrf_cc3xx_platform_mutex_zephyr.c.obj)
 .rodata.str1.1
                0x0000000000006959        0xf zephyr/soc/arm/common/cortex_m/libsoc__arm__common__cortex_m.a(arm_mpu_regions.c.obj)
 .rodata.CSWTCH.9
                0x0000000000006968        0x6 zephyr/soc/arm/nordic_nrf/nrf52/libsoc__arm__nordic_nrf__nrf52.a(soc.c.obj)
 .rodata.str1.1
                0x000000000000696e        0x6 zephyr/drivers/clock_control/libdrivers__clock_control.a(clock_control_nrf.c.obj)
 .rodata.str1.1
                0x0000000000006974        0xe zephyr/drivers/gpio/libdrivers__gpio.a(gpio_nrfx.c.obj)
 .rodata.str1.1
                0x0000000000006982        0x6 zephyr/drivers/i2c/libdrivers__i2c.a(i2c_nrfx_twi.c.obj)
 .rodata.str1.1
                0x0000000000006988        0xe zephyr/drivers/serial/libdrivers__serial.a(uart_nrfx_uarte.c.obj)
 .rodata.CSWTCH.14
                0x0000000000006996        0x6 modules/hal_nordic/nrfx/libmodules__hal_nordic__nrfx.a(system_nrf52840.c.obj)
 .rodata.CSWTCH.5
                0x000000000000699c        0x6 modules/hal_nordic/nrfx/libmodules__hal_nordic__nrfx.a(system_nrf52840.c.obj)
 .rodata._DoInit.str1.1
                0x00000000000069a2       0x14 modules/segger/libmodules__segger.a(SEGGER_RTT.c.obj)
 .rodata.z_cstart.str1.1
                0x00000000000069b6        0x5 zephyr/kernel/libkernel.a(init.c.obj)
 .rodata.boot_banner.str1.1
                0x00000000000069bb       0x34 zephyr/kernel/libkernel.a(banner.c.obj)
                                         0x35 (size before relaxing)
 *(SORT_BY_ALIGNMENT(.gnu.linkonce.r.*))
                0x00000000000069f0                . = ALIGN (0x4)
 *fill*         0x00000000000069ef        0x1 
                0x00000000000069f0                __rodata_region_end = .
                0x0000000000006a00                . = ALIGN (_region_min_align)
                0x0000000000008000                . = ALIGN ((0x1 << ((__rodata_region_end - __rom_region_start) <= 0x4)?0x2:((__rodata_region_end - __rom_region_start) <= 0x8)?0x3:((__rodata_region_end - __rom_region_start) <= 0x10)?0x4:((__rodata_region_end - __rom_region_start) <= 0x20)?0x5:((__rodata_region_end - __rom_region_start) <= 0x40)?0x6:((__rodata_region_end - __rom_region_start) <= 0x80)?0x7:((__rodata_region_end - __rom_region_start) <= 0x100)?0x8:((__rodata_region_end - __rom_region_start) <= 0x200)?0x9:((__rodata_region_end - __rom_region_start) <= 0x400)?0xa:((__rodata_region_end - __rom_region_start) <= 0x800)?0xb:((__rodata_region_end - __rom_region_start) <= 0x1000)?0xc:((__rodata_region_end - __rom_region_start) <= 0x2000)?0xd:((__rodata_region_end - __rom_region_start) <= 0x4000)?0xe:((__rodata_region_end - __rom_region_start) <= 0x8000)?0xf:((__rodata_region_end - __rom_region_start) <= 0x10000)?0x10:((__rodata_region_end - __rom_region_start) <= 0x20000)?0x11:((__rodata_region_end - __rom_region_start) <= 0x40000)?0x12:((__rodata_region_end - __rom_region_start) <= 0x80000)?0x13:((__rodata_region_end - __rom_region_start) <= 0x100000)?0x14:((__rodata_region_end - __rom_region_start) <= 0x200000)?0x15:((__rodata_region_end - __rom_region_start) <= 0x400000)?0x16:((__rodata_region_end - __rom_region_start) <= 0x800000)?0x17:((__rodata_region_end - __rom_region_start) <= 0x1000000)?0x18:((__rodata_region_end - __rom_region_start) <= 0x2000000)?0x19:((__rodata_region_end - __rom_region_start) <= 0x4000000)?0x1a:((__rodata_region_end - __rom_region_start) <= 0x8000000)?0x1b:((__rodata_region_end - __rom_region_start) <= 0x10000000)?0x1c:((__rodata_region_end - __rom_region_start) <= 0x20000000)?0x1d:((__rodata_region_end - __rom_region_start) <= 0x40000000)?0x1e:((__rodata_region_end - __rom_region_start) <= 0x80000000)?0x1f:0x20))
                0x0000000000008000                __rom_region_end = .
                0x0000000020000000                . = 0x20000000
                0x0000000020000000                . = ALIGN (_region_min_align)
                0x0000000020000000                _image_ram_start = .

.ramfunc        0x0000000020000000        0x0 load address 0x00000000000069f0
                0x0000000020000000                . = ALIGN (_region_min_align)
                0x0000000020000000                . = ALIGN ((0x1 << (__ramfunc_size <= 0x4)?0x2:(__ramfunc_size <= 0x8)?0x3:(__ramfunc_size <= 0x10)?0x4:(__ramfunc_size <= 0x20)?0x5:(__ramfunc_size <= 0x40)?0x6:(__ramfunc_size <= 0x80)?0x7:(__ramfunc_size <= 0x100)?0x8:(__ramfunc_size <= 0x200)?0x9:(__ramfunc_size <= 0x400)?0xa:(__ramfunc_size <= 0x800)?0xb:(__ramfunc_size <= 0x1000)?0xc:(__ramfunc_size <= 0x2000)?0xd:(__ramfunc_size <= 0x4000)?0xe:(__ramfunc_size <= 0x8000)?0xf:(__ramfunc_size <= 0x10000)?0x10:(__ramfunc_size <= 0x20000)?0x11:(__ramfunc_size <= 0x40000)?0x12:(__ramfunc_size <= 0x80000)?0x13:(__ramfunc_size <= 0x100000)?0x14:(__ramfunc_size <= 0x200000)?0x15:(__ramfunc_size <= 0x400000)?0x16:(__ramfunc_size <= 0x800000)?0x17:(__ramfunc_size <= 0x1000000)?0x18:(__ramfunc_size <= 0x2000000)?0x19:(__ramfunc_size <= 0x4000000)?0x1a:(__ramfunc_size <= 0x8000000)?0x1b:(__ramfunc_size <= 0x10000000)?0x1c:(__ramfunc_size <= 0x20000000)?0x1d:(__ramfunc_size <= 0x40000000)?0x1e:(__ramfunc_size <= 0x80000000)?0x1f:0x20))
                0x0000000020000000                __ramfunc_start = .
 *(SORT_BY_ALIGNMENT(.ramfunc))
 *(SORT_BY_ALIGNMENT(.ramfunc.*))
                0x0000000020000000                . = ALIGN (_region_min_align)
                0x0000000020000000                . = ALIGN ((0x1 << (__ramfunc_size <= 0x4)?0x2:(__ramfunc_size <= 0x8)?0x3:(__ramfunc_size <= 0x10)?0x4:(__ramfunc_size <= 0x20)?0x5:(__ramfunc_size <= 0x40)?0x6:(__ramfunc_size <= 0x80)?0x7:(__ramfunc_size <= 0x100)?0x8:(__ramfunc_size <= 0x200)?0x9:(__ramfunc_size <= 0x400)?0xa:(__ramfunc_size <= 0x800)?0xb:(__ramfunc_size <= 0x1000)?0xc:(__ramfunc_size <= 0x2000)?0xd:(__ramfunc_size <= 0x4000)?0xe:(__ramfunc_size <= 0x8000)?0xf:(__ramfunc_size <= 0x10000)?0x10:(__ramfunc_size <= 0x20000)?0x11:(__ramfunc_size <= 0x40000)?0x12:(__ramfunc_size <= 0x80000)?0x13:(__ramfunc_size <= 0x100000)?0x14:(__ramfunc_size <= 0x200000)?0x15:(__ramfunc_size <= 0x400000)?0x16:(__ramfunc_size <= 0x800000)?0x17:(__ramfunc_size <= 0x1000000)?0x18:(__ramfunc_size <= 0x2000000)?0x19:(__ramfunc_size <= 0x4000000)?0x1a:(__ramfunc_size <= 0x8000000)?0x1b:(__ramfunc_size <= 0x10000000)?0x1c:(__ramfunc_size <= 0x20000000)?0x1d:(__ramfunc_size <= 0x40000000)?0x1e:(__ramfunc_size <= 0x80000000)?0x1f:0x20))
                0x0000000020000000                __ramfunc_end = .
                0x0000000000000000                __ramfunc_size = (__ramfunc_end - __ramfunc_start)
                0x00000000000069f0                __ramfunc_load_start = LOADADDR (.ramfunc)

datas           0x0000000020000000      0x168 load address 0x00000000000069f0
                0x0000000020000000                __data_region_start = .
                0x0000000020000000                __data_start = .
 *(SORT_BY_ALIGNMENT(.data))
 *(SORT_BY_ALIGNMENT(.data.*))
 .data._char_out
                0x0000000020000000        0x4 zephyr/libzephyr.a(printk.c.obj)
                0x0000000020000000                _char_out
 .data.max_latency_ticks
                0x0000000020000004        0x4 zephyr/libzephyr.a(policy.c.obj)
 .data.asym_mutex
                0x0000000020000008        0x8 zephyr/libzephyr.a(nrf_cc3xx_platform_mutex_zephyr.c.obj)
 .data.power_mutex
                0x0000000020000010        0x8 zephyr/libzephyr.a(nrf_cc3xx_platform_mutex_zephyr.c.obj)
 .data.rng_mutex
                0x0000000020000018        0x8 zephyr/libzephyr.a(nrf_cc3xx_platform_mutex_zephyr.c.obj)
 .data.sym_mutex
                0x0000000020000020        0x8 zephyr/libzephyr.a(nrf_cc3xx_platform_mutex_zephyr.c.obj)
 .data._stdout_hook
                0x0000000020000028        0x4 zephyr/lib/libc/minimal/liblib__libc__minimal.a(stdout_console.c.obj)
 .data.twi_0_data
                0x000000002000002c       0x28 zephyr/drivers/i2c/libdrivers__i2c.a(i2c_nrfx_twi.c.obj)
 .data.uarte_0_data
                0x0000000020000054       0x14 zephyr/drivers/serial/libdrivers__serial.a(uart_nrfx_uarte.c.obj)
 .data.uarte_1_data
                0x0000000020000068       0x14 zephyr/drivers/serial/libdrivers__serial.a(uart_nrfx_uarte.c.obj)
 .data.SystemCoreClock
                0x000000002000007c        0x4 modules/hal_nordic/nrfx/libmodules__hal_nordic__nrfx.a(system_nrf52840.c.obj)
                0x000000002000007c                SystemCoreClock
 .data.m_cb     0x0000000020000080       0x7c modules/hal_nordic/nrfx/libmodules__hal_nordic__nrfx.a(nrfx_gpiote.c.obj)
 .data.m_channels_allocated
                0x00000000200000fc        0x4 modules/hal_nordic/nrfx/libmodules__hal_nordic__nrfx.a(nrfx_ppi.c.obj)
 .data.timeout_list
                0x0000000020000100        0x8 zephyr/kernel/libkernel.a(timeout.c.obj)
 .data.platform_abort_apis
                0x0000000020000108        0x8 /home/rt/ncs/nrfxlib/crypto/nrf_cc310_platform/lib/cortex-m4/soft-float/no-interrupts/libnrf_cc310_platform_0.9.14.a(nrf_cc3xx_platform_abort.c.obj)
                0x0000000020000108                platform_abort_apis
 .data.asym_mutex
                0x0000000020000110        0x8 /home/rt/ncs/nrfxlib/crypto/nrf_cc310_platform/lib/cortex-m4/soft-float/no-interrupts/libnrf_cc310_platform_0.9.14.a(nrf_cc3xx_platform_mutex.c.obj)
 .data.platform_mutex_apis
                0x0000000020000118       0x10 /home/rt/ncs/nrfxlib/crypto/nrf_cc310_platform/lib/cortex-m4/soft-float/no-interrupts/libnrf_cc310_platform_0.9.14.a(nrf_cc3xx_platform_mutex.c.obj)
                0x0000000020000118                platform_mutex_apis
 .data.platform_mutexes
                0x0000000020000128       0x14 /home/rt/ncs/nrfxlib/crypto/nrf_cc310_platform/lib/cortex-m4/soft-float/no-interrupts/libnrf_cc310_platform_0.9.14.a(nrf_cc3xx_platform_mutex.c.obj)
                0x0000000020000128                platform_mutexes
 .data.power_mutex
                0x000000002000013c        0x8 /home/rt/ncs/nrfxlib/crypto/nrf_cc310_platform/lib/cortex-m4/soft-float/no-interrupts/libnrf_cc310_platform_0.9.14.a(nrf_cc3xx_platform_mutex.c.obj)
 .data.rng_mutex
                0x0000000020000144        0x8 /home/rt/ncs/nrfxlib/crypto/nrf_cc310_platform/lib/cortex-m4/soft-float/no-interrupts/libnrf_cc310_platform_0.9.14.a(nrf_cc3xx_platform_mutex.c.obj)
 .data.sym_mutex
                0x000000002000014c        0x8 /home/rt/ncs/nrfxlib/crypto/nrf_cc310_platform/lib/cortex-m4/soft-float/no-interrupts/libnrf_cc310_platform_0.9.14.a(nrf_cc3xx_platform_mutex.c.obj)
 .data.CCAsymCryptoMutex
                0x0000000020000154        0x4 /home/rt/ncs/nrfxlib/crypto/nrf_cc310_platform/lib/cortex-m4/soft-float/no-interrupts/libnrf_cc310_platform_0.9.14.a(cc_pal.c.obj)
                0x0000000020000154                CCAsymCryptoMutex
 .data.CCPowerMutex
                0x0000000020000158        0x4 /home/rt/ncs/nrfxlib/crypto/nrf_cc310_platform/lib/cortex-m4/soft-float/no-interrupts/libnrf_cc310_platform_0.9.14.a(cc_pal.c.obj)
                0x0000000020000158                CCPowerMutex
 .data.CCRndCryptoMutex
                0x000000002000015c        0x4 /home/rt/ncs/nrfxlib/crypto/nrf_cc310_platform/lib/cortex-m4/soft-float/no-interrupts/libnrf_cc310_platform_0.9.14.a(cc_pal.c.obj)
                0x000000002000015c                CCRndCryptoMutex
 .data.CCSymCryptoMutex
                0x0000000020000160        0x4 /home/rt/ncs/nrfxlib/crypto/nrf_cc310_platform/lib/cortex-m4/soft-float/no-interrupts/libnrf_cc310_platform_0.9.14.a(cc_pal.c.obj)
                0x0000000020000160                CCSymCryptoMutex
 .data.pCCRndCryptoMutex
                0x0000000020000164        0x4 /home/rt/ncs/nrfxlib/crypto/nrf_cc310_platform/lib/cortex-m4/soft-float/no-interrupts/libnrf_cc310_platform_0.9.14.a(cc_pal.c.obj)
                0x0000000020000164                pCCRndCryptoMutex
 *(SORT_BY_ALIGNMENT(.kernel.*))
                0x0000000020000168                __data_end = .
                0x0000000000000168                __data_size = (__data_end - __data_start)
                0x00000000000069f0                __data_load_start = LOADADDR (datas)
                0x00000000000069f0                __data_region_load_start = LOADADDR (datas)

device_states   0x0000000020000168       0x18 load address 0x0000000000006b58
                0x0000000020000168                __device_states_start = .
 *(SORT_BY_ALIGNMENT(.z_devstate))
 .z_devstate    0x0000000020000168        0x4 zephyr/drivers/clock_control/libdrivers__clock_control.a(clock_control_nrf.c.obj)
 .z_devstate    0x000000002000016c        0x8 zephyr/drivers/gpio/libdrivers__gpio.a(gpio_nrfx.c.obj)
 .z_devstate    0x0000000020000174        0x4 zephyr/drivers/i2c/libdrivers__i2c.a(i2c_nrfx_twi.c.obj)
 .z_devstate    0x0000000020000178        0x8 zephyr/drivers/serial/libdrivers__serial.a(uart_nrfx_uarte.c.obj)
 *(SORT_BY_ALIGNMENT(.z_devstate.*))
                0x0000000020000180                __device_states_end = .

initshell       0x0000000020000180        0x0 load address 0x0000000000006b70
                0x0000000020000180                __shell_module_start = .
 *(SORT_BY_ALIGNMENT(.shell_module_*))
                0x0000000020000180                __shell_module_end = .
                0x0000000020000180                __shell_cmd_start = .
 *(SORT_BY_ALIGNMENT(.shell_cmd_*))
                0x0000000020000180                __shell_cmd_end = .

log_dynamic_sections
                0x0000000020000180        0x0 load address 0x0000000000006b70
                0x0000000020000180                __log_dynamic_start = .
 *(SORT_BY_NAME(SORT_BY_ALIGNMENT(.log_dynamic_*)))
                0x0000000020000180                __log_dynamic_end = .

_static_thread_data_area
                0x0000000020000180        0x0 load address 0x0000000000006b70
                0x0000000020000180                __static_thread_data_list_start = .
 *(SORT_BY_NAME(SORT_BY_ALIGNMENT(.__static_thread_data.static.*)))
                0x0000000020000180                __static_thread_data_list_end = .

k_timer_area    0x0000000020000180        0x0 load address 0x0000000000006b70
                0x0000000020000180                _k_timer_list_start = .
 *(SORT_BY_NAME(SORT_BY_ALIGNMENT(._k_timer.static.*)))
                0x0000000020000180                _k_timer_list_end = .

k_mem_slab_area
                0x0000000020000180        0x0 load address 0x0000000000006b70
                0x0000000020000180                _k_mem_slab_list_start = .
 *(SORT_BY_NAME(SORT_BY_ALIGNMENT(._k_mem_slab.static.*)))
                0x0000000020000180                _k_mem_slab_list_end = .

k_mem_pool_area
                0x0000000020000180        0x0 load address 0x0000000000006b70
                0x0000000020000180                _k_mem_pool_list_start = .
 *(SORT_BY_NAME(SORT_BY_ALIGNMENT(._k_mem_pool.static.*)))
                0x0000000020000180                _k_mem_pool_list_end = .

k_heap_area     0x0000000020000180        0x0 load address 0x0000000000006b70
                0x0000000020000180                _k_heap_list_start = .
 *(SORT_BY_NAME(SORT_BY_ALIGNMENT(._k_heap.static.*)))
                0x0000000020000180                _k_heap_list_end = .

k_mutex_area    0x0000000020000180       0x50 load address 0x0000000000006b70
                0x0000000020000180                _k_mutex_list_start = .
 *(SORT_BY_NAME(SORT_BY_ALIGNMENT(._k_mutex.static.*)))
 ._k_mutex.static.asym_mutex_int
                0x0000000020000180       0x14 zephyr/libzephyr.a(nrf_cc3xx_platform_mutex_zephyr.c.obj)
                0x0000000020000180                asym_mutex_int
 ._k_mutex.static.power_mutex_int
                0x0000000020000194       0x14 zephyr/libzephyr.a(nrf_cc3xx_platform_mutex_zephyr.c.obj)
                0x0000000020000194                power_mutex_int
 ._k_mutex.static.rng_mutex_int
                0x00000000200001a8       0x14 zephyr/libzephyr.a(nrf_cc3xx_platform_mutex_zephyr.c.obj)
                0x00000000200001a8                rng_mutex_int
 ._k_mutex.static.sym_mutex_int
                0x00000000200001bc       0x14 zephyr/libzephyr.a(nrf_cc3xx_platform_mutex_zephyr.c.obj)
                0x00000000200001bc                sym_mutex_int
                0x00000000200001d0                _k_mutex_list_end = .

k_stack_area    0x00000000200001d0        0x0 load address 0x0000000000006bc0
                0x00000000200001d0                _k_stack_list_start = .
 *(SORT_BY_NAME(SORT_BY_ALIGNMENT(._k_stack.static.*)))
                0x00000000200001d0                _k_stack_list_end = .

k_msgq_area     0x00000000200001d0        0x0 load address 0x0000000000006bc0
                0x00000000200001d0                _k_msgq_list_start = .
 *(SORT_BY_NAME(SORT_BY_ALIGNMENT(._k_msgq.static.*)))
                0x00000000200001d0                _k_msgq_list_end = .

k_mbox_area     0x00000000200001d0        0x0 load address 0x0000000000006bc0
                0x00000000200001d0                _k_mbox_list_start = .
 *(SORT_BY_NAME(SORT_BY_ALIGNMENT(._k_mbox.static.*)))
                0x00000000200001d0                _k_mbox_list_end = .

k_pipe_area     0x00000000200001d0        0x0 load address 0x0000000000006bc0
                0x00000000200001d0                _k_pipe_list_start = .
 *(SORT_BY_NAME(SORT_BY_ALIGNMENT(._k_pipe.static.*)))
                0x00000000200001d0                _k_pipe_list_end = .

k_sem_area      0x00000000200001d0        0x0 load address 0x0000000000006bc0
                0x00000000200001d0                _k_sem_list_start = .
 *(SORT_BY_NAME(SORT_BY_ALIGNMENT(._k_sem.static.*)))
                0x00000000200001d0                _k_sem_list_end = .

k_event_area    0x00000000200001d0        0x0 load address 0x0000000000006bc0
                0x00000000200001d0                _k_event_list_start = .
 *(SORT_BY_NAME(SORT_BY_ALIGNMENT(._k_event.static.*)))
                0x00000000200001d0                _k_event_list_end = .

k_queue_area    0x00000000200001d0        0x0 load address 0x0000000000006bc0
                0x00000000200001d0                _k_queue_list_start = .
 *(SORT_BY_NAME(SORT_BY_ALIGNMENT(._k_queue.static.*)))
                0x00000000200001d0                _k_queue_list_end = .

k_condvar_area  0x00000000200001d0        0x0 load address 0x0000000000006bc0
                0x00000000200001d0                _k_condvar_list_start = .
 *(SORT_BY_NAME(SORT_BY_ALIGNMENT(._k_condvar.static.*)))
                0x00000000200001d0                _k_condvar_list_end = .

_net_buf_pool_area
                0x00000000200001d0        0x0 load address 0x0000000000006bc0
                0x00000000200001d0                _net_buf_pool_list = .
 *(SORT_BY_NAME(SORT_BY_ALIGNMENT(._net_buf_pool.static.*)))
                0x00000000200001d0                __data_region_end = .

bss             0x00000000200001d0      0xf64
                0x00000000200001d0                . = ALIGN (0x4)
                0x00000000200001d0                __bss_start = .
                0x00000000200001d0                __kernel_ram_start = .
 *(SORT_BY_ALIGNMENT(.bss))
 *(SORT_BY_ALIGNMENT(.bss.*))
 .bss.thread_print_data
                0x00000000200001d0       0x80 app/libapp.a(main.c.obj)
                0x00000000200001d0                thread_print_data
 .bss.thread_tempread_data
                0x0000000020000250       0x80 app/libapp.a(main.c.obj)
                0x0000000020000250                thread_tempread_data
 .bss.anchor    0x00000000200002d0        0x8 zephyr/drivers/timer/libdrivers__timer.a(nrf_rtc_timer.c.obj)
 .bss.cc_data   0x00000000200002d8       0x10 zephyr/drivers/timer/libdrivers__timer.a(nrf_rtc_timer.c.obj)
 .bss.last_count
                0x00000000200002e8        0x8 zephyr/drivers/timer/libdrivers__timer.a(nrf_rtc_timer.c.obj)
 .bss.z_idle_threads
                0x00000000200002f0       0x80 zephyr/kernel/libkernel.a(init.c.obj)
                0x00000000200002f0                z_idle_threads
 .bss.z_main_thread
                0x0000000020000370       0x80 zephyr/kernel/libkernel.a(init.c.obj)
                0x0000000020000370                z_main_thread
 .bss.curr_tick